#-----------------------------------------------------------
# Vivado v2025.2 (64-bit)
# SW Build 6299465 on Fri Nov 14 19:35:11 GMT 2025
# IP Build 6300035 on Fri Nov 14 10:48:45 MST 2025
# SharedData Build 6298862 on Thu Nov 13 04:50:51 MST 2025
# Start of session at: Fri Aug 21 11:22:55 2026
# Process ID         : 35924
# Current directory  : C:/Users/lychee/Desktop/FPGA/logs/b2prod_20260821/gateA
# Command line       : vivado.exe -mode batch -notrace -source C:/Users/lychee/Desktop/FPGA/three_stage_combined/scripts/make_variant_project.tcl -log make_variant.log -journal make_variant.jou
# Log file           : C:/Users/lychee/Desktop/FPGA/logs/b2prod_20260821/gateA/make_variant.log
# Journal file       : C:/Users/lychee/Desktop/FPGA/logs/b2prod_20260821/gateA\make_variant.jou
# Running On         : DESKTOP-KG9P5J1
# Platform           : Windows Server 2016 or Windows 10
# Operating System   : 26200
# Processor Detail   : 13th Gen Intel(R) Core(TM) i7-13700K
# CPU Frequency      : 3418 MHz
# CPU Physical cores : 16
# CPU Logical cores  : 24
# Host memory        : 34098 MB
# Swap memory        : 18253 MB
# Total Virtual      : 52351 MB
# Available Virtual  : 15734 MB
#-----------------------------------------------------------
source C:/Users/lychee/Desktop/FPGA/three_stage_combined/scripts/make_variant_project.tcl -notrace
@@MAKE_VARIANT_BEGIN@@
VARIANT=combined_current_100
TARGET_DIR=C:/Users/lychee/Desktop/FPGA/combined_current_100
Scanning sources...
Finished scanning sources
WARNING: [Board 49-26] cannot add Board Part xilinx.com:ac701:part0:1.4 available at C:/AMDDesignTools/2025.2/data/xhub/boards\XilinxBoardStore\boards\Xilinx\ac701\1.4\board.xml as part xc7a200tfbg676-2 specified in board_part file is either invalid or not available
WARNING: [Board 49-26] cannot add Board Part xilinx.com:emb-plus-vpr-4616:part0:1.0 available at C:/AMDDesignTools/2025.2/data/xhub/boards\XilinxBoardStore\boards\Xilinx\emb-plus-vpr-4616\1.0\board.xml as part xcve2302-sfva784-2mp-e-s specified in board_part file is either invalid or not available
WARNING: [Board 49-26] cannot add Board Part xilinx.com:emb-plus-vpr-4616:part0:1.1 available at C:/AMDDesignTools/2025.2/data/xhub/boards\XilinxBoardStore\boards\Xilinx\emb-plus-vpr-4616\1.1\board.xml as part xcve2302-sfva784-2mp-e-s specified in board_part file is either invalid or not available
WARNING: [Board 49-26] cannot add Board Part xilinx.com:kc705:part0:1.6 available at C:/AMDDesignTools/2025.2/data/xhub/boards\XilinxBoardStore\boards\Xilinx\kc705\1.6\board.xml as part xc7k325tffg900-2 specified in board_part file is either invalid or not available
WARNING: [Board 49-26] cannot add Board Part xilinx.com:kc705:part0:1.7 available at C:/AMDDesignTools/2025.2/data/xhub/boards\XilinxBoardStore\boards\Xilinx\kc705\1.7\board.xml as part xc7k325tffg900-2 specified in board_part file is either invalid or not available
WARNING: [Board 49-26] cannot add Board Part xilinx.com:kcu105:part0:1.6 available at C:/AMDDesignTools/2025.2/data/xhub/boards\XilinxBoardStore\boards\Xilinx\kcu105\1.6\board.xml as part xcku040-ffva1156-2-e specified in board_part file is either invalid or not available
WARNING: [Board 49-26] cannot add Board Part xilinx.com:kcu105:part0:1.7 available at C:/AMDDesignTools/2025.2/data/xhub/boards\XilinxBoardStore\boards\Xilinx\kcu105\1.7\board.xml as part xcku040-ffva1156-2-e specified in board_part file is either invalid or not available
WARNING: [Board 49-26] cannot add Board Part xilinx.com:kcu116:part0:1.4 available at C:/AMDDesignTools/2025.2/data/xhub/boards\XilinxBoardStore\boards\Xilinx\kcu116\1.4\board.xml as part xcku5p-ffvb676-2-e specified in board_part file is either invalid or not available
WARNING: [Board 49-26] cannot add Board Part xilinx.com:kcu116:part0:1.5 available at C:/AMDDesignTools/2025.2/data/xhub/boards\XilinxBoardStore\boards\Xilinx\kcu116\1.5\board.xml as part xcku5p-ffvb676-2-e specified in board_part file is either invalid or not available
WARNING: [Board 49-26] cannot add Board Part xilinx.com:kcu1500:part0:1.2 available at C:/AMDDesignTools/2025.2/data/xhub/boards\XilinxBoardStore\boards\Xilinx\kcu1500\1.2\board.xml as part xcku115-flvb2104-2-e specified in board_part file is either invalid or not available
WARNING: [Board 49-26] cannot add Board Part xilinx.com:scu35:part0:1.0 available at C:/AMDDesignTools/2025.2/data/xhub/boards\XilinxBoardStore\boards\Xilinx\scu35\1.0\board.xml as part xcsu35p-sbvb625-2-e specified in board_part file is either invalid or not available
WARNING: [Board 49-26] cannot add Board Part xilinx.com:sp701:part0:1.0 available at C:/AMDDesignTools/2025.2/data/xhub/boards\XilinxBoardStore\boards\Xilinx\sp701\1.0\board.xml as part xc7s100fgga676-2 specified in board_part file is either invalid or not available
WARNING: [Board 49-26] cannot add Board Part xilinx.com:sp701:part0:1.1 available at C:/AMDDesignTools/2025.2/data/xhub/boards\XilinxBoardStore\boards\Xilinx\sp701\1.1\board.xml as part xc7s100fgga676-2 specified in board_part file is either invalid or not available
WARNING: [Board 49-26] cannot add Board Part xilinx.com:v80:part0:1.0 available at C:/AMDDesignTools/2025.2/data/xhub/boards\XilinxBoardStore\boards\Xilinx\v80\1.0\board.xml as part xcv80-lsva4737-2mhp-e-s specified in board_part file is either invalid or not available
WARNING: [Board 49-26] cannot add Board Part xilinx.com:vc707:part0:1.4 available at C:/AMDDesignTools/2025.2/data/xhub/boards\XilinxBoardStore\boards\Xilinx\vc707\1.4\board.xml as part xc7vx485tffg1761-2 specified in board_part file is either invalid or not available
WARNING: [Board 49-26] cannot add Board Part xilinx.com:vc707:part0:1.5 available at C:/AMDDesignTools/2025.2/data/xhub/boards\XilinxBoardStore\boards\Xilinx\vc707\1.5\board.xml as part xc7vx485tffg1761-2 specified in board_part file is either invalid or not available
WARNING: [Board 49-26] cannot add Board Part xilinx.com:vc709:part0:1.8 available at C:/AMDDesignTools/2025.2/data/xhub/boards\XilinxBoardStore\boards\Xilinx\vc709\1.8\board.xml as part xc7vx690tffg1761-2 specified in board_part file is either invalid or not available
WARNING: [Board 49-26] cannot add Board Part xilinx.com:vck190:part0:2.2 available at C:/AMDDesignTools/2025.2/data/xhub/boards\XilinxBoardStore\boards\Xilinx\vck190\production\2.2\board.xml as part xcvc1902-vsva2197-2mp-e-s specified in board_part file is either invalid or not available
WARNING: [Board 49-26] cannot add Board Part xilinx.com:vck190:part0:3.0 available at C:/AMDDesignTools/2025.2/data/xhub/boards\XilinxBoardStore\boards\Xilinx\vck190\production\3.0\board.xml as part xcvc1902-vsva2197-2mp-e-s specified in board_part file is either invalid or not available
WARNING: [Board 49-26] cannot add Board Part xilinx.com:vck190:part0:3.1 available at C:/AMDDesignTools/2025.2/data/xhub/boards\XilinxBoardStore\boards\Xilinx\vck190\production\3.1\board.xml as part xcvc1902-vsva2197-2mp-e-s specified in board_part file is either invalid or not available
WARNING: [Board 49-26] cannot add Board Part xilinx.com:vck190:part0:3.2 available at C:/AMDDesignTools/2025.2/data/xhub/boards\XilinxBoardStore\boards\Xilinx\vck190\production\3.2\board.xml as part xcvc1902-vsva2197-2mp-e-s specified in board_part file is either invalid or not available
WARNING: [Board 49-26] cannot add Board Part xilinx.com:vck190:part0:3.3 available at C:/AMDDesignTools/2025.2/data/xhub/boards\XilinxBoardStore\boards\Xilinx\vck190\production\3.3\board.xml as part xcvc1902-vsva2197-2mp-e-s specified in board_part file is either invalid or not available
WARNING: [Board 49-26] cannot add Board Part xilinx.com:vck190:part0:3.4 available at C:/AMDDesignTools/2025.2/data/xhub/boards\XilinxBoardStore\boards\Xilinx\vck190\production\3.4\board.xml as part xcvc1902-vsva2197-2mp-e-s specified in board_part file is either invalid or not available
WARNING: [Board 49-26] cannot add Board Part xilinx.com:vck190_newl:part0:1.0 available at C:/AMDDesignTools/2025.2/data/xhub/boards\XilinxBoardStore\boards\Xilinx\vck190_newl\production\1.0\board.xml as part xcvc1902-vsva2197-2mp-e-s specified in board_part file is either invalid or not available
WARNING: [Board 49-26] cannot add Board Part xilinx.com:vck190_newl:part0:1.1 available at C:/AMDDesignTools/2025.2/data/xhub/boards\XilinxBoardStore\boards\Xilinx\vck190_newl\production\1.1\board.xml as part xcvc1902-vsva2197-2mp-e-s specified in board_part file is either invalid or not available
WARNING: [Board 49-26] cannot add Board Part xilinx.com:vck190_newl:part0:1.2 available at C:/AMDDesignTools/2025.2/data/xhub/boards\XilinxBoardStore\boards\Xilinx\vck190_newl\production\1.2\board.xml as part xcvc1902-vsva2197-2mp-e-s specified in board_part file is either invalid or not available
WARNING: [Board 49-26] cannot add Board Part xilinx.com:vck190_newl:part0:1.3 available at C:/AMDDesignTools/2025.2/data/xhub/boards\XilinxBoardStore\boards\Xilinx\vck190_newl\production\1.3\board.xml as part xcvc1902-vsva2197-2mp-e-s specified in board_part file is either invalid or not available
WARNING: [Board 49-26] cannot add Board Part xilinx.com:vcu108:part0:1.6 available at C:/AMDDesignTools/2025.2/data/xhub/boards\XilinxBoardStore\boards\Xilinx\vcu108\1.6\board.xml as part xcvu095-ffva2104-2-e specified in board_part file is either invalid or not available
WARNING: [Board 49-26] cannot add Board Part xilinx.com:vcu108:part0:1.7 available at C:/AMDDesignTools/2025.2/data/xhub/boards\XilinxBoardStore\boards\Xilinx\vcu108\1.7\board.xml as part xcvu095-ffva2104-2-e specified in board_part file is either invalid or not available
WARNING: [Board 49-26] cannot add Board Part xilinx.com:vcu110:part0:1.4 available at C:/AMDDesignTools/2025.2/data/xhub/boards\XilinxBoardStore\boards\Xilinx\vcu110\1.4\board.xml as part xcvu190-flgc2104-2-e specified in board_part file is either invalid or not available
WARNING: [Board 49-26] cannot add Board Part xilinx.com:vcu118:part0:2.0 available at C:/AMDDesignTools/2025.2/data/xhub/boards\XilinxBoardStore\boards\Xilinx\vcu118\2.0\board.xml as part xcvu9p-flga2104-2l-e specified in board_part file is either invalid or not available
WARNING: [Board 49-26] cannot add Board Part xilinx.com:vcu118:part0:2.3 available at C:/AMDDesignTools/2025.2/data/xhub/boards\XilinxBoardStore\boards\Xilinx\vcu118\2.3\board.xml as part xcvu9p-flga2104-2l-e specified in board_part file is either invalid or not available
WARNING: [Board 49-26] cannot add Board Part xilinx.com:vcu118:part0:2.4 available at C:/AMDDesignTools/2025.2/data/xhub/boards\XilinxBoardStore\boards\Xilinx\vcu118\2.4\board.xml as part xcvu9p-flga2104-2l-e specified in board_part file is either invalid or not available
WARNING: [Board 49-26] cannot add Board Part xilinx.com:vcu128:part0:1.0 available at C:/AMDDesignTools/2025.2/data/xhub/boards\XilinxBoardStore\boards\Xilinx\vcu128\production\1.0\board.xml as part xcvu37p-fsvh2892-2l-e specified in board_part file is either invalid or not available
WARNING: [Board 49-26] cannot add Board Part xilinx.com:vcu129:part0:1.0 available at C:/AMDDesignTools/2025.2/data/xhub/boards\XilinxBoardStore\boards\Xilinx\vcu129\production\1.0\board.xml as part xcvu29p-fsga2577-2l-e specified in board_part file is either invalid or not available
WARNING: [Board 49-26] cannot add Board Part xilinx.com:vcu1525:part0:1.3 available at C:/AMDDesignTools/2025.2/data/xhub/boards\XilinxBoardStore\boards\Xilinx\vcu1525\1.3\board.xml as part xcvu9p-fsgd2104-2l-e specified in board_part file is either invalid or not available
WARNING: [Board 49-26] cannot add Board Part xilinx.com:vek280:part0:1.0 available at C:/AMDDesignTools/2025.2/data/xhub/boards\XilinxBoardStore\boards\Xilinx\vek280\production\1.0\board.xml as part xcve2802-vsvh1760-2mp-e-s specified in board_part file is either invalid or not available
WARNING: [Board 49-26] cannot add Board Part xilinx.com:vek280:part0:1.1 available at C:/AMDDesignTools/2025.2/data/xhub/boards\XilinxBoardStore\boards\Xilinx\vek280\production\1.1\board.xml as part xcve2802-vsvh1760-2mp-e-s specified in board_part file is either invalid or not available
WARNING: [Board 49-26] cannot add Board Part xilinx.com:vek280:part0:1.2 available at C:/AMDDesignTools/2025.2/data/xhub/boards\XilinxBoardStore\boards\Xilinx\vek280\production\1.2\board.xml as part xcve2802-vsvh1760-2mp-e-s specified in board_part file is either invalid or not available
WARNING: [Board 49-26] cannot add Board Part xilinx.com:vek385:part0:1.0 available at C:/AMDDesignTools/2025.2/data/xhub/boards\XilinxBoardStore\boards\Xilinx\vek385\1.0\board.xml as part xc2ve3858-ssva2112-2mp-e-s specified in board_part file is either invalid or not available
WARNING: [Board 49-26] cannot add Board Part xilinx.com:vek385:part0:1.1 available at C:/AMDDesignTools/2025.2/data/xhub/boards\XilinxBoardStore\boards\Xilinx\vek385\1.1\board.xml as part xc2ve3858-ssva2112-2mp-e-s specified in board_part file is either invalid or not available
WARNING: [Board 49-26] cannot add Board Part xilinx.com:vek385_1:part0:1.0 available at C:/AMDDesignTools/2025.2/data/xhub/boards\XilinxBoardStore\boards\Xilinx\vek385_2\1.0\board.xml as part xc2ve3858-ssva2112-2mp-e-s specified in board_part file is either invalid or not available
WARNING: [Board 49-26] cannot add Board Part xilinx.com:vhk158:part0:1.0 available at C:/AMDDesignTools/2025.2/data/xhub/boards\XilinxBoardStore\boards\Xilinx\vhk158\production\1.0\board.xml as part xcvh1582-vsva3697-2mp-e-s specified in board_part file is either invalid or not available
WARNING: [Board 49-26] cannot add Board Part xilinx.com:vhk158:part0:1.1 available at C:/AMDDesignTools/2025.2/data/xhub/boards\XilinxBoardStore\boards\Xilinx\vhk158\production\1.1\board.xml as part xcvh1582-vsva3697-2mp-e-s specified in board_part file is either invalid or not available
WARNING: [Board 49-26] cannot add Board Part xilinx.com:vhk158:part0:1.2 available at C:/AMDDesignTools/2025.2/data/xhub/boards\XilinxBoardStore\boards\Xilinx\vhk158\production\1.2\board.xml as part xcvh1582-vsva3697-2mp-e-s specified in board_part file is either invalid or not available
WARNING: [Board 49-26] cannot add Board Part xilinx.com:vmk180:part0:2.2 available at C:/AMDDesignTools/2025.2/data/xhub/boards\XilinxBoardStore\boards\Xilinx\vmk180\production\2.2\board.xml as part xcvm1802-vsva2197-2mp-e-s specified in board_part file is either invalid or not available
WARNING: [Board 49-26] cannot add Board Part xilinx.com:vmk180:part0:3.0 available at C:/AMDDesignTools/2025.2/data/xhub/boards\XilinxBoardStore\boards\Xilinx\vmk180\production\3.0\board.xml as part xcvm1802-vsva2197-2mp-e-s specified in board_part file is either invalid or not available
WARNING: [Board 49-26] cannot add Board Part xilinx.com:vmk180:part0:3.1 available at C:/AMDDesignTools/2025.2/data/xhub/boards\XilinxBoardStore\boards\Xilinx\vmk180\production\3.1\board.xml as part xcvm1802-vsva2197-2mp-e-s specified in board_part file is either invalid or not available
WARNING: [Board 49-26] cannot add Board Part xilinx.com:vmk180:part0:3.2 available at C:/AMDDesignTools/2025.2/data/xhub/boards\XilinxBoardStore\boards\Xilinx\vmk180\production\3.2\board.xml as part xcvm1802-vsva2197-2mp-e-s specified in board_part file is either invalid or not available
WARNING: [Board 49-26] cannot add Board Part xilinx.com:vmk180:part0:3.3 available at C:/AMDDesignTools/2025.2/data/xhub/boards\XilinxBoardStore\boards\Xilinx\vmk180\production\3.3\board.xml as part xcvm1802-vsva2197-2mp-e-s specified in board_part file is either invalid or not available
WARNING: [Board 49-26] cannot add Board Part xilinx.com:vmk180_newl:part0:1.0 available at C:/AMDDesignTools/2025.2/data/xhub/boards\XilinxBoardStore\boards\Xilinx\vmk180_newl\production\1.0\board.xml as part xcvm1802-vsva2197-2mp-e-s specified in board_part file is either invalid or not available
WARNING: [Board 49-26] cannot add Board Part xilinx.com:vmk180_newl:part0:1.1 available at C:/AMDDesignTools/2025.2/data/xhub/boards\XilinxBoardStore\boards\Xilinx\vmk180_newl\production\1.1\board.xml as part xcvm1802-vsva2197-2mp-e-s specified in board_part file is either invalid or not available
WARNING: [Board 49-26] cannot add Board Part xilinx.com:vpk120:part0:1.0 available at C:/AMDDesignTools/2025.2/data/xhub/boards\XilinxBoardStore\boards\Xilinx\vpk120\production\1.0\board.xml as part xcvp1202-vsva2785-2mp-e-s specified in board_part file is either invalid or not available
WARNING: [Board 49-26] cannot add Board Part xilinx.com:vpk120:part0:1.1 available at C:/AMDDesignTools/2025.2/data/xhub/boards\XilinxBoardStore\boards\Xilinx\vpk120\production\1.1\board.xml as part xcvp1202-vsva2785-2mp-e-s specified in board_part file is either invalid or not available
WARNING: [Board 49-26] cannot add Board Part xilinx.com:vpk120:part0:1.2 available at C:/AMDDesignTools/2025.2/data/xhub/boards\XilinxBoardStore\boards\Xilinx\vpk120\production\1.2\board.xml as part xcvp1202-vsva2785-2mp-e-s specified in board_part file is either invalid or not available
WARNING: [Board 49-26] cannot add Board Part xilinx.com:vpk180:part0:1.0 available at C:/AMDDesignTools/2025.2/data/xhub/boards\XilinxBoardStore\boards\Xilinx\vpk180\production\1.0\board.xml as part xcvp1802-lsvc4072-2mp-e-s specified in board_part file is either invalid or not available
WARNING: [Board 49-26] cannot add Board Part xilinx.com:vpk180:part0:1.1 available at C:/AMDDesignTools/2025.2/data/xhub/boards\XilinxBoardStore\boards\Xilinx\vpk180\production\1.1\board.xml as part xcvp1802-lsvc4072-2mp-e-s specified in board_part file is either invalid or not available
WARNING: [Board 49-26] cannot add Board Part xilinx.com:vpk180:part0:1.2 available at C:/AMDDesignTools/2025.2/data/xhub/boards\XilinxBoardStore\boards\Xilinx\vpk180\production\1.2\board.xml as part xcvp1802-lsvc4072-2mp-e-s specified in board_part file is either invalid or not available
WARNING: [Board 49-26] cannot add Board Part xilinx.com:vrk160:part0:1.0 available at C:/AMDDesignTools/2025.2/data/xhub/boards\XilinxBoardStore\boards\Xilinx\vrk160\1.0\board.xml as part xcvr1602-vsva2488-2mp-e-s-es1 specified in board_part file is either invalid or not available
WARNING: [Board 49-26] cannot add Board Part xilinx.com:vrk160:part0:1.1 available at C:/AMDDesignTools/2025.2/data/xhub/boards\XilinxBoardStore\boards\Xilinx\vrk160\1.1\board.xml as part xcvr1602-vsva2488-2mp-e-s-es1 specified in board_part file is either invalid or not available
WARNING: [Board 49-26] cannot add Board Part xilinx.com:zcu208ld:part0:2.0 available at C:/AMDDesignTools/2025.2/data/xhub/boards\XilinxBoardStore\boards\Xilinx\zcu208ld\production\2.0\board.xml as part xczu58dr-fsvg1517-2-i specified in board_part file is either invalid or not available
WARNING: [Board 49-26] cannot add Board Part xilinx.com:zcu216ld:part0:2.0 available at C:/AMDDesignTools/2025.2/data/xhub/boards\XilinxBoardStore\boards\Xilinx\zcu216ld\production\2.0\board.xml as part xczu59dr-ffvf1760-2-i specified in board_part file is either invalid or not available
WARNING: [Board 49-26] cannot add Board Part xilinx.com:zcu670ld:part0:1.0 available at C:/AMDDesignTools/2025.2/data/xhub/boards\XilinxBoardStore\boards\Xilinx\zcu670ld\1.0\board.xml as part xczu57dr-fsve1156-2-i specified in board_part file is either invalid or not available
WARNING: [Project 1-5713] Board part '' set for the project  is not found. BoardPart property will be unset. Please select board from latest repo build 
INFO: [IP_Flow 19-234] Refreshing IP repositories
INFO: [IP_Flow 19-1700] Loaded user IP repository 'c:/Users/lychee/Desktop/FPGA/hls/template_match/template_match_provisional/solution1/impl/ip'.
INFO: [IP_Flow 19-1700] Loaded user IP repository 'c:/Users/lychee/Desktop/FPGA/hls/patch_extract/patch_extract_provisional/solution1/impl/ip'.
INFO: [IP_Flow 19-1700] Loaded user IP repository 'c:/Users/lychee/Desktop/FPGA/binarizer-logical-layout/hls/binarize/binarize/solution1/impl/ip'.
INFO: [IP_Flow 19-2313] Loaded Vivado IP repository 'C:/AMDDesignTools/2025.2/Vivado/data/ip'.
WARNING: [BD 41-1663] The design 'tme_bd.bd' cannot be modified due to following reason(s):
* Project is read-only. Please run 'save_project_as' before making any change to the bd-design. 

WARNING: [BD 41-1661] One or more IPs have been locked in the design 'tme_bd.bd'. Please run report_ip_status for more details and recommendations on how to fix this issue.
List of locked IPs:
tme_bd_proc_sys_reset_0_0
tme_bd_processing_system7_0_0
tme_bd_tme_top_0_0
tme_bd_binarize_core_0_0
tme_bd_smartconnect_mem_0
tme_bd_smartconnect_lite_0
tme_bd_axi_dma_templ_0
tme_bd_axi_dma_patch_0
tme_bd_axi_dma_binarize_0
tme_bd_smartconnect_bin_mem_0
tme_bd_patch_extract_core_0_0
tme_bd_dma_pe_data_0
tme_bd_dma_pe_meta_0
tme_bd_smartconnect_pe_mem_0

open_project: Time (s): cpu = 00:00:14 ; elapsed = 00:00:13 . Memory (MB): peak = 664.738 ; gain = 345.039
Reading block design file <C:/Users/lychee/Desktop/FPGA/three_stage_combined/three_stage_combined.srcs/sources_1/bd/tme_bd/tme_bd.bd>...
Adding component instance block -- xilinx.com:ip:processing_system7:5.5 - processing_system7_0
Adding component instance block -- xilinx.com:ip:proc_sys_reset:5.0 - proc_sys_reset_0
Adding component instance block -- TermCount:hls:tme_top:0.2 - tme_top_0
Adding component instance block -- xilinx.com:ip:axi_dma:7.1 - axi_dma_patch
Adding component instance block -- xilinx.com:ip:axi_dma:7.1 - axi_dma_templ
Adding component instance block -- xilinx.com:ip:smartconnect:1.0 - smartconnect_lite
Adding component instance block -- xilinx.com:ip:smartconnect:1.0 - smartconnect_mem
Adding component instance block -- TermCount:hls:binarize_core:2.0 - binarize_core_0
Adding component instance block -- xilinx.com:ip:axi_dma:7.1 - axi_dma_binarize
Adding component instance block -- xilinx.com:ip:smartconnect:1.0 - smartconnect_bin_mem
Adding component instance block -- TermCount:hls:patch_extract_core:0.1 - patch_extract_core_0
Adding component instance block -- xilinx.com:ip:axi_dma:7.1 - dma_pe_data
Adding component instance block -- xilinx.com:ip:axi_dma:7.1 - dma_pe_meta
Adding component instance block -- xilinx.com:ip:smartconnect:1.0 - smartconnect_pe_mem
Successfully read diagram <tme_bd> from block design file <C:/Users/lychee/Desktop/FPGA/three_stage_combined/three_stage_combined.srcs/sources_1/bd/tme_bd/tme_bd.bd>
BASELINE_BD=cells:14;matcher_vlnv:TermCount:hls:tme_top:0.2;fclk0_mhz:50;fclk1_enable:0
CRITICAL WARNING: [BD 41-1938] The current design is out-of-date/locked, so it is best to update before calling write_bd_tcl, however, a Tcl script is still generated for the current design.
WARNING: [BD 41-2937] The design that will be created by this Tcl script contains the following user IPs:
/tme_top_0, /binarize_core_0, /patch_extract_core_0
Please add the following user repository(s):
c:/Users/lychee/Desktop/FPGA/hls/template_match/template_match_provisional/solution1/impl/ip
c:/Users/lychee/Desktop/FPGA/binarizer-logical-layout/hls/binarize/binarize/solution1/impl/ip
c:/Users/lychee/Desktop/FPGA/hls/patch_extract/patch_extract_provisional/solution1/impl/ip
before sourcing this Tcl script or use write_project_tcl.
INFO: [BD 5-148] Tcl file written out <C:/Users/lychee/Desktop/FPGA/combined_current_100/tme_bd_recreate.tcl>.

BD_RECREATE_TCL=C:/Users/lychee/Desktop/FPGA/combined_current_100/tme_bd_recreate.tcl;bytes:39998
IP_REPO=C:/Users/lychee/Desktop/FPGA/hls/template_match/template_match_provisional/solution1/impl/ip
IP_REPO=C:/Users/lychee/Desktop/FPGA/hls/patch_extract/patch_extract_provisional/solution1/impl/ip
IP_REPO=C:/Users/lychee/Desktop/FPGA/binarizer-logical-layout/hls/binarize/binarize/solution1/impl/ip
IP_REPO=C:/Users/lychee/Desktop/FPGA/hls/template_match/template_match_b1_b2/b2/impl/ip
INFO: [IP_Flow 19-234] Refreshing IP repositories
INFO: [IP_Flow 19-1700] Loaded user IP repository 'c:/Users/lychee/Desktop/FPGA/hls/template_match/template_match_provisional/solution1/impl/ip'.
INFO: [IP_Flow 19-1700] Loaded user IP repository 'c:/Users/lychee/Desktop/FPGA/hls/patch_extract/patch_extract_provisional/solution1/impl/ip'.
INFO: [IP_Flow 19-1700] Loaded user IP repository 'c:/Users/lychee/Desktop/FPGA/binarizer-logical-layout/hls/binarize/binarize/solution1/impl/ip'.
INFO: [IP_Flow 19-1700] Loaded user IP repository 'c:/Users/lychee/Desktop/FPGA/hls/template_match/template_match_b1_b2/b2/impl/ip'.
INFO: [IP_Flow 19-2313] Loaded Vivado IP repository 'C:/AMDDesignTools/2025.2/Vivado/data/ip'.
INFO: [BD::TCL 103-2003] Currently there is no design <tme_bd> in project, so creating one...
Wrote  : <C:\Users\lychee\Desktop\FPGA\combined_current_100\three_stage_combined.srcs\sources_1\bd\tme_bd\tme_bd.bd> 
INFO: [BD::TCL 103-2004] Making design <tme_bd> as current_bd_design.
INFO: [BD::TCL 103-2005] Currently the variable <design_name> is equal to "tme_bd".
INFO: [BD::TCL 103-2011] Checking if the following IPs exist in the project's IP catalog:  
xilinx.com:ip:processing_system7:5.5 xilinx.com:ip:proc_sys_reset:5.0 TermCount:hls:tme_top:0.2 xilinx.com:ip:axi_dma:7.1 xilinx.com:ip:smartconnect:1.0 TermCount:hls:binarize_core:2.0 TermCount:hls:patch_extract_core:0.1  .
CRITICAL WARNING: [BD::TCL 103-2052] This Tcl script was generated from a block design that is out-of-date/locked. It is possible that design <tme_bd> may result in errors during construction.
Slave segment '/axi_dma_binarize/S_AXI_LITE/Reg' is being assigned into address space '/processing_system7_0/Data' at <0x41E2_0000 [ 64K ]>.
Slave segment '/axi_dma_patch/S_AXI_LITE/Reg' is being assigned into address space '/processing_system7_0/Data' at <0x41E0_0000 [ 64K ]>.
Slave segment '/axi_dma_templ/S_AXI_LITE/Reg' is being assigned into address space '/processing_system7_0/Data' at <0x41E1_0000 [ 64K ]>.
Slave segment '/binarize_core_0/s_axi_CTRL/Reg' is being assigned into address space '/processing_system7_0/Data' at <0x4001_0000 [ 64K ]>.
Slave segment '/dma_pe_data/S_AXI_LITE/Reg' is being assigned into address space '/processing_system7_0/Data' at <0x41E3_0000 [ 64K ]>.
Slave segment '/dma_pe_meta/S_AXI_LITE/Reg' is being assigned into address space '/processing_system7_0/Data' at <0x41E4_0000 [ 64K ]>.
Slave segment '/patch_extract_core_0/s_axi_CTRL/Reg' is being assigned into address space '/processing_system7_0/Data' at <0x4002_0000 [ 64K ]>.
Slave segment '/tme_top_0/s_axi_CTRL/Reg' is being assigned into address space '/processing_system7_0/Data' at <0x4000_0000 [ 64K ]>.
Slave segment '/processing_system7_0/S_AXI_HP0/HP0_DDR_LOWOCM' is being assigned into address space '/axi_dma_patch/Data_MM2S' at <0x0000_0000 [ 512M ]>.
Slave segment '/processing_system7_0/S_AXI_HP0/HP0_DDR_LOWOCM' is being assigned into address space '/axi_dma_templ/Data_MM2S' at <0x0000_0000 [ 512M ]>.
Slave segment '/processing_system7_0/S_AXI_HP1/HP1_DDR_LOWOCM' is being assigned into address space '/axi_dma_binarize/Data_MM2S' at <0x0000_0000 [ 512M ]>.
Slave segment '/processing_system7_0/S_AXI_HP1/HP1_DDR_LOWOCM' is being assigned into address space '/axi_dma_binarize/Data_S2MM' at <0x0000_0000 [ 512M ]>.
Slave segment '/processing_system7_0/S_AXI_HP2/HP2_DDR_LOWOCM' is being assigned into address space '/patch_extract_core_0/Data_m_axi_BIN_IMG' at <0x0000_0000 [ 512M ]>.
Slave segment '/processing_system7_0/S_AXI_HP2/HP2_DDR_LOWOCM' is being assigned into address space '/dma_pe_data/Data_MM2S' at <0x0000_0000 [ 512M ]>.
Slave segment '/processing_system7_0/S_AXI_HP2/HP2_DDR_LOWOCM' is being assigned into address space '/dma_pe_data/Data_S2MM' at <0x0000_0000 [ 512M ]>.
Slave segment '/processing_system7_0/S_AXI_HP2/HP2_DDR_LOWOCM' is being assigned into address space '/dma_pe_meta/Data_S2MM' at <0x0000_0000 [ 512M ]>.
WARNING: [BD 41-3281] Instance '/axi_dma_patch' is connected on both sides by SmartConnects and cannot automatically configure itself to match the endpoints. Please manually configure its AXI interfaces as required for the design.
WARNING: [BD 41-3281] Instance '/processing_system7_0' is connected on both sides by SmartConnects and cannot automatically configure itself to match the endpoints. Please manually configure its AXI interfaces as required for the design.
WARNING: [BD 41-3281] Instance '/axi_dma_templ' is connected on both sides by SmartConnects and cannot automatically configure itself to match the endpoints. Please manually configure its AXI interfaces as required for the design.
WARNING: [BD 41-3281] Instance '/axi_dma_binarize' is connected on both sides by SmartConnects and cannot automatically configure itself to match the endpoints. Please manually configure its AXI interfaces as required for the design.
WARNING: [BD 41-3281] Instance '/patch_extract_core_0' is connected on both sides by SmartConnects and cannot automatically configure itself to match the endpoints. Please manually configure its AXI interfaces as required for the design.
WARNING: [BD 41-3281] Instance '/dma_pe_data' is connected on both sides by SmartConnects and cannot automatically configure itself to match the endpoints. Please manually configure its AXI interfaces as required for the design.
WARNING: [BD 41-3281] Instance '/dma_pe_meta' is connected on both sides by SmartConnects and cannot automatically configure itself to match the endpoints. Please manually configure its AXI interfaces as required for the design.
INFO: [BD 5-943] Reserving offset range <0x41E0_0000 [ 64K ]> from slave interface '/smartconnect_lite/S00_AXI' to master interface '/smartconnect_lite/M00_AXI'. This will be used by smartconnect on path for routing.
INFO: [BD 5-943] Reserving offset range <0x41E1_0000 [ 64K ]> from slave interface '/smartconnect_lite/S00_AXI' to master interface '/smartconnect_lite/M01_AXI'. This will be used by smartconnect on path for routing.
INFO: [BD 5-943] Reserving offset range <0x4000_0000 [ 64K ]> from slave interface '/smartconnect_lite/S00_AXI' to master interface '/smartconnect_lite/M02_AXI'. This will be used by smartconnect on path for routing.
INFO: [BD 5-943] Reserving offset range <0x4001_0000 [ 64K ]> from slave interface '/smartconnect_lite/S00_AXI' to master interface '/smartconnect_lite/M03_AXI'. This will be used by smartconnect on path for routing.
INFO: [BD 5-943] Reserving offset range <0x41E2_0000 [ 64K ]> from slave interface '/smartconnect_lite/S00_AXI' to master interface '/smartconnect_lite/M04_AXI'. This will be used by smartconnect on path for routing.
INFO: [BD 5-943] Reserving offset range <0x4002_0000 [ 64K ]> from slave interface '/smartconnect_lite/S00_AXI' to master interface '/smartconnect_lite/M05_AXI'. This will be used by smartconnect on path for routing.
INFO: [BD 5-943] Reserving offset range <0x41E3_0000 [ 64K ]> from slave interface '/smartconnect_lite/S00_AXI' to master interface '/smartconnect_lite/M06_AXI'. This will be used by smartconnect on path for routing.
INFO: [BD 5-943] Reserving offset range <0x41E4_0000 [ 64K ]> from slave interface '/smartconnect_lite/S00_AXI' to master interface '/smartconnect_lite/M07_AXI'. This will be used by smartconnect on path for routing.
INFO: [xilinx.com:ip:smartconnect:1.0-1] tme_bd_smartconnect_lite_0: SmartConnect tme_bd_smartconnect_lite_0 is in Low-Area Mode.
INFO: [BD 5-943] Reserving offset range <0x0000_0000 [ 512M ]> from slave interface '/smartconnect_mem/S00_AXI' to master interface '/smartconnect_mem/M00_AXI'. This will be used by smartconnect on path for routing.
INFO: [BD 5-943] Reserving offset range <0x0000_0000 [ 512M ]> from slave interface '/smartconnect_mem/S01_AXI' to master interface '/smartconnect_mem/M00_AXI'. This will be used by smartconnect on path for routing.
INFO: [xilinx.com:ip:smartconnect:1.0-1] tme_bd_smartconnect_mem_0: SmartConnect tme_bd_smartconnect_mem_0 is in High-performance Mode.
INFO: [BD 5-943] Reserving offset range <0x0000_0000 [ 512M ]> from slave interface '/smartconnect_bin_mem/S00_AXI' to master interface '/smartconnect_bin_mem/M00_AXI'. This will be used by smartconnect on path for routing.
INFO: [BD 5-943] Reserving offset range <0x0000_0000 [ 512M ]> from slave interface '/smartconnect_bin_mem/S01_AXI' to master interface '/smartconnect_bin_mem/M00_AXI'. This will be used by smartconnect on path for routing.
INFO: [xilinx.com:ip:smartconnect:1.0-1] tme_bd_smartconnect_bin_mem_0: SmartConnect tme_bd_smartconnect_bin_mem_0 is in High-performance Mode.
INFO: [BD 5-943] Reserving offset range <0x0000_0000 [ 512M ]> from slave interface '/smartconnect_pe_mem/S00_AXI' to master interface '/smartconnect_pe_mem/M00_AXI'. This will be used by smartconnect on path for routing.
INFO: [BD 5-943] Reserving offset range <0x0000_0000 [ 512M ]> from slave interface '/smartconnect_pe_mem/S01_AXI' to master interface '/smartconnect_pe_mem/M00_AXI'. This will be used by smartconnect on path for routing.
INFO: [BD 5-943] Reserving offset range <0x0000_0000 [ 512M ]> from slave interface '/smartconnect_pe_mem/S02_AXI' to master interface '/smartconnect_pe_mem/M00_AXI'. This will be used by smartconnect on path for routing.
INFO: [BD 5-943] Reserving offset range <0x0000_0000 [ 512M ]> from slave interface '/smartconnect_pe_mem/S03_AXI' to master interface '/smartconnect_pe_mem/M00_AXI'. This will be used by smartconnect on path for routing.
INFO: [xilinx.com:ip:smartconnect:1.0-1] tme_bd_smartconnect_pe_mem_0: SmartConnect tme_bd_smartconnect_pe_mem_0 is in High-performance Mode.
validate_bd_design: Time (s): cpu = 00:00:19 ; elapsed = 00:00:21 . Memory (MB): peak = 954.578 ; gain = 179.363
Wrote  : <C:\Users\lychee\Desktop\FPGA\combined_current_100\three_stage_combined.srcs\sources_1\bd\tme_bd\tme_bd.bd> 
VARIANT_CLOCK=variant:combined_current_100;io_pll_mhz:1000.000;div0:5;div1:2;product:10;vivado_mhz:100.0000;board_mhz:100.0000
VARIANT_FCLK1=mhz:125;div0:4;div1:2;product:8;board_mhz:125.0000
WARNING: [BD 41-3281] Instance '/axi_dma_patch' is connected on both sides by SmartConnects and cannot automatically configure itself to match the endpoints. Please manually configure its AXI interfaces as required for the design.
WARNING: [BD 41-3281] Instance '/processing_system7_0' is connected on both sides by SmartConnects and cannot automatically configure itself to match the endpoints. Please manually configure its AXI interfaces as required for the design.
WARNING: [BD 41-3281] Instance '/axi_dma_templ' is connected on both sides by SmartConnects and cannot automatically configure itself to match the endpoints. Please manually configure its AXI interfaces as required for the design.
WARNING: [BD 41-3281] Instance '/axi_dma_binarize' is connected on both sides by SmartConnects and cannot automatically configure itself to match the endpoints. Please manually configure its AXI interfaces as required for the design.
WARNING: [BD 41-3281] Instance '/patch_extract_core_0' is connected on both sides by SmartConnects and cannot automatically configure itself to match the endpoints. Please manually configure its AXI interfaces as required for the design.
WARNING: [BD 41-3281] Instance '/dma_pe_data' is connected on both sides by SmartConnects and cannot automatically configure itself to match the endpoints. Please manually configure its AXI interfaces as required for the design.
WARNING: [BD 41-3281] Instance '/dma_pe_meta' is connected on both sides by SmartConnects and cannot automatically configure itself to match the endpoints. Please manually configure its AXI interfaces as required for the design.
INFO: [BD 5-943] Reserving offset range <0x41E0_0000 [ 64K ]> from slave interface '/smartconnect_lite/S00_AXI' to master interface '/smartconnect_lite/M00_AXI'. This will be used by smartconnect on path for routing.
INFO: [BD 5-943] Reserving offset range <0x41E1_0000 [ 64K ]> from slave interface '/smartconnect_lite/S00_AXI' to master interface '/smartconnect_lite/M01_AXI'. This will be used by smartconnect on path for routing.
INFO: [BD 5-943] Reserving offset range <0x4000_0000 [ 64K ]> from slave interface '/smartconnect_lite/S00_AXI' to master interface '/smartconnect_lite/M02_AXI'. This will be used by smartconnect on path for routing.
INFO: [BD 5-943] Reserving offset range <0x4001_0000 [ 64K ]> from slave interface '/smartconnect_lite/S00_AXI' to master interface '/smartconnect_lite/M03_AXI'. This will be used by smartconnect on path for routing.
INFO: [BD 5-943] Reserving offset range <0x41E2_0000 [ 64K ]> from slave interface '/smartconnect_lite/S00_AXI' to master interface '/smartconnect_lite/M04_AXI'. This will be used by smartconnect on path for routing.
INFO: [BD 5-943] Reserving offset range <0x4002_0000 [ 64K ]> from slave interface '/smartconnect_lite/S00_AXI' to master interface '/smartconnect_lite/M05_AXI'. This will be used by smartconnect on path for routing.
INFO: [BD 5-943] Reserving offset range <0x41E3_0000 [ 64K ]> from slave interface '/smartconnect_lite/S00_AXI' to master interface '/smartconnect_lite/M06_AXI'. This will be used by smartconnect on path for routing.
INFO: [BD 5-943] Reserving offset range <0x41E4_0000 [ 64K ]> from slave interface '/smartconnect_lite/S00_AXI' to master interface '/smartconnect_lite/M07_AXI'. This will be used by smartconnect on path for routing.
INFO: [xilinx.com:ip:smartconnect:1.0-1] tme_bd_smartconnect_lite_0: SmartConnect tme_bd_smartconnect_lite_0 is in Low-Area Mode.
INFO: [BD 5-943] Reserving offset range <0x0000_0000 [ 512M ]> from slave interface '/smartconnect_mem/S00_AXI' to master interface '/smartconnect_mem/M00_AXI'. This will be used by smartconnect on path for routing.
INFO: [BD 5-943] Reserving offset range <0x0000_0000 [ 512M ]> from slave interface '/smartconnect_mem/S01_AXI' to master interface '/smartconnect_mem/M00_AXI'. This will be used by smartconnect on path for routing.
INFO: [xilinx.com:ip:smartconnect:1.0-1] tme_bd_smartconnect_mem_0: SmartConnect tme_bd_smartconnect_mem_0 is in High-performance Mode.
INFO: [BD 5-943] Reserving offset range <0x0000_0000 [ 512M ]> from slave interface '/smartconnect_bin_mem/S00_AXI' to master interface '/smartconnect_bin_mem/M00_AXI'. This will be used by smartconnect on path for routing.
INFO: [BD 5-943] Reserving offset range <0x0000_0000 [ 512M ]> from slave interface '/smartconnect_bin_mem/S01_AXI' to master interface '/smartconnect_bin_mem/M00_AXI'. This will be used by smartconnect on path for routing.
INFO: [xilinx.com:ip:smartconnect:1.0-1] tme_bd_smartconnect_bin_mem_0: SmartConnect tme_bd_smartconnect_bin_mem_0 is in High-performance Mode.
INFO: [BD 5-943] Reserving offset range <0x0000_0000 [ 512M ]> from slave interface '/smartconnect_pe_mem/S00_AXI' to master interface '/smartconnect_pe_mem/M00_AXI'. This will be used by smartconnect on path for routing.
INFO: [BD 5-943] Reserving offset range <0x0000_0000 [ 512M ]> from slave interface '/smartconnect_pe_mem/S01_AXI' to master interface '/smartconnect_pe_mem/M00_AXI'. This will be used by smartconnect on path for routing.
INFO: [BD 5-943] Reserving offset range <0x0000_0000 [ 512M ]> from slave interface '/smartconnect_pe_mem/S02_AXI' to master interface '/smartconnect_pe_mem/M00_AXI'. This will be used by smartconnect on path for routing.
INFO: [BD 5-943] Reserving offset range <0x0000_0000 [ 512M ]> from slave interface '/smartconnect_pe_mem/S03_AXI' to master interface '/smartconnect_pe_mem/M00_AXI'. This will be used by smartconnect on path for routing.
INFO: [xilinx.com:ip:smartconnect:1.0-1] tme_bd_smartconnect_pe_mem_0: SmartConnect tme_bd_smartconnect_pe_mem_0 is in High-performance Mode.
validate_bd_design: Time (s): cpu = 00:00:20 ; elapsed = 00:00:21 . Memory (MB): peak = 1035.133 ; gain = 80.555
Wrote  : <C:\Users\lychee\Desktop\FPGA\combined_current_100\three_stage_combined.srcs\sources_1\bd\tme_bd\tme_bd.bd> 
INFO: [BD 41-1662] The design 'tme_bd.bd' is already validated. Therefore parameter propagation will not be re-run.
WARNING: [BD 41-2384] Width mismatch when connecting pin: '/smartconnect_pe_mem/S03_AXI_arlock'(1) to pin: '/patch_extract_core_0/m_axi_BIN_IMG_ARLOCK'(2) - Only lower order bits will be connected.
Verilog Output written to : C:/Users/lychee/Desktop/FPGA/combined_current_100/three_stage_combined.gen/sources_1/bd/tme_bd/synth/tme_bd.v
WARNING: [BD 41-2384] Width mismatch when connecting pin: '/smartconnect_pe_mem/S03_AXI_arlock'(1) to pin: '/patch_extract_core_0/m_axi_BIN_IMG_ARLOCK'(2) - Only lower order bits will be connected.
Verilog Output written to : C:/Users/lychee/Desktop/FPGA/combined_current_100/three_stage_combined.gen/sources_1/bd/tme_bd/sim/tme_bd.v
Verilog Output written to : C:/Users/lychee/Desktop/FPGA/combined_current_100/three_stage_combined.gen/sources_1/bd/tme_bd/hdl/tme_bd_wrapper.v
INFO: [IP_Flow 19-5611] Unable to find an associated reset port for the interface 'M_AXI_GP0'. A default connection has been created.
INFO: [IP_Flow 19-5611] Unable to find an associated reset port for the interface 'S_AXI_HP0'. A default connection has been created.
INFO: [IP_Flow 19-5611] Unable to find an associated reset port for the interface 'S_AXI_HP1'. A default connection has been created.
INFO: [IP_Flow 19-5611] Unable to find an associated reset port for the interface 'S_AXI_HP2'. A default connection has been created.
INFO: [BD 41-1029] Generation completed for the IP Integrator block processing_system7_0 .
INFO: [BD 41-1029] Generation completed for the IP Integrator block proc_sys_reset_0 .
INFO: [BD 41-1029] Generation completed for the IP Integrator block tme_top_0 .
INFO: [BD 41-1029] Generation completed for the IP Integrator block axi_dma_patch .
INFO: [BD 41-1029] Generation completed for the IP Integrator block axi_dma_templ .
WARNING: [BD 41-2384] Width mismatch when connecting pin: '/s00_nodes/s00_ar_node/s_sc_payld'(151) to pin: '/s00_nodes/S_SC_AR_payld'(147) - Only lower order bits will be connected.
WARNING: [BD 41-2384] Width mismatch when connecting pin: '/s00_nodes/s00_aw_node/s_sc_payld'(151) to pin: '/s00_nodes/S_SC_AW_payld'(147) - Only lower order bits will be connected.
WARNING: [BD 41-2384] Width mismatch when connecting pin: '/m00_nodes/m00_r_node/s_sc_payld'(55) to pin: '/m00_nodes/S_SC_R_payld'(53) - Only lower order bits will be connected.
WARNING: [BD 41-2384] Width mismatch when connecting pin: '/m00_nodes/m00_b_node/s_sc_payld'(9) to pin: '/m00_nodes/S_SC_B_payld'(7) - Only lower order bits will be connected.
WARNING: [BD 41-2384] Width mismatch when connecting pin: '/m01_nodes/m01_r_node/s_sc_payld'(55) to pin: '/m01_nodes/S_SC_R_payld'(53) - Only lower order bits will be connected.
WARNING: [BD 41-2384] Width mismatch when connecting pin: '/m01_nodes/m01_b_node/s_sc_payld'(9) to pin: '/m01_nodes/S_SC_B_payld'(7) - Only lower order bits will be connected.
WARNING: [BD 41-2384] Width mismatch when connecting pin: '/m02_nodes/m02_r_node/s_sc_payld'(55) to pin: '/m02_nodes/S_SC_R_payld'(53) - Only lower order bits will be connected.
WARNING: [BD 41-2384] Width mismatch when connecting pin: '/m02_nodes/m02_b_node/s_sc_payld'(9) to pin: '/m02_nodes/S_SC_B_payld'(7) - Only lower order bits will be connected.
WARNING: [BD 41-2384] Width mismatch when connecting pin: '/m03_nodes/m03_r_node/s_sc_payld'(55) to pin: '/m03_nodes/S_SC_R_payld'(53) - Only lower order bits will be connected.
WARNING: [BD 41-2384] Width mismatch when connecting pin: '/m03_nodes/m03_b_node/s_sc_payld'(9) to pin: '/m03_nodes/S_SC_B_payld'(7) - Only lower order bits will be connected.
WARNING: [BD 41-2384] Width mismatch when connecting pin: '/m04_nodes/m04_r_node/s_sc_payld'(55) to pin: '/m04_nodes/S_SC_R_payld'(53) - Only lower order bits will be connected.
WARNING: [BD 41-2384] Width mismatch when connecting pin: '/m04_nodes/m04_b_node/s_sc_payld'(9) to pin: '/m04_nodes/S_SC_B_payld'(7) - Only lower order bits will be connected.
WARNING: [BD 41-2384] Width mismatch when connecting pin: '/m05_nodes/m05_r_node/s_sc_payld'(55) to pin: '/m05_nodes/S_SC_R_payld'(53) - Only lower order bits will be connected.
WARNING: [BD 41-2384] Width mismatch when connecting pin: '/m05_nodes/m05_b_node/s_sc_payld'(9) to pin: '/m05_nodes/S_SC_B_payld'(7) - Only lower order bits will be connected.
WARNING: [BD 41-2384] Width mismatch when connecting pin: '/m06_nodes/m06_r_node/s_sc_payld'(55) to pin: '/m06_nodes/S_SC_R_payld'(53) - Only lower order bits will be connected.
WARNING: [BD 41-2384] Width mismatch when connecting pin: '/m06_nodes/m06_b_node/s_sc_payld'(9) to pin: '/m06_nodes/S_SC_B_payld'(7) - Only lower order bits will be connected.
WARNING: [BD 41-2384] Width mismatch when connecting pin: '/m07_nodes/m07_r_node/s_sc_payld'(55) to pin: '/m07_nodes/S_SC_R_payld'(53) - Only lower order bits will be connected.
WARNING: [BD 41-2384] Width mismatch when connecting pin: '/m07_nodes/m07_b_node/s_sc_payld'(9) to pin: '/m07_nodes/S_SC_B_payld'(7) - Only lower order bits will be connected.
WARNING: [BD 41-2384] Width mismatch when connecting pin: '/s00_axi2sc/s_sc_r_payld'(53) to pin: '/s00_nodes/M_SC_R_payld'(55) - Only lower order bits will be connected.
WARNING: [BD 41-2384] Width mismatch when connecting pin: '/s00_axi2sc/s_sc_b_payld'(7) to pin: '/s00_nodes/M_SC_B_payld'(9) - Only lower order bits will be connected.
WARNING: [BD 41-2384] Width mismatch when connecting pin: '/m00_sc2axi/s_sc_ar_payld'(147) to pin: '/m00_nodes/M_SC_AR_payld'(151) - Only lower order bits will be connected.
WARNING: [BD 41-2384] Width mismatch when connecting pin: '/m00_sc2axi/s_sc_aw_payld'(147) to pin: '/m00_nodes/M_SC_AW_payld'(151) - Only lower order bits will be connected.
WARNING: [BD 41-2384] Width mismatch when connecting pin: '/m01_sc2axi/s_sc_ar_payld'(147) to pin: '/m01_nodes/M_SC_AR_payld'(151) - Only lower order bits will be connected.
WARNING: [BD 41-2384] Width mismatch when connecting pin: '/m01_sc2axi/s_sc_aw_payld'(147) to pin: '/m01_nodes/M_SC_AW_payld'(151) - Only lower order bits will be connected.
WARNING: [BD 41-2384] Width mismatch when connecting pin: '/m02_sc2axi/s_sc_ar_payld'(147) to pin: '/m02_nodes/M_SC_AR_payld'(151) - Only lower order bits will be connected.
WARNING: [BD 41-2384] Width mismatch when connecting pin: '/m02_sc2axi/s_sc_aw_payld'(147) to pin: '/m02_nodes/M_SC_AW_payld'(151) - Only lower order bits will be connected.
WARNING: [BD 41-2384] Width mismatch when connecting pin: '/m03_sc2axi/s_sc_ar_payld'(147) to pin: '/m03_nodes/M_SC_AR_payld'(151) - Only lower order bits will be connected.
WARNING: [BD 41-2384] Width mismatch when connecting pin: '/m03_sc2axi/s_sc_aw_payld'(147) to pin: '/m03_nodes/M_SC_AW_payld'(151) - Only lower order bits will be connected.
WARNING: [BD 41-2384] Width mismatch when connecting pin: '/m04_sc2axi/s_sc_ar_payld'(147) to pin: '/m04_nodes/M_SC_AR_payld'(151) - Only lower order bits will be connected.
WARNING: [BD 41-2384] Width mismatch when connecting pin: '/m04_sc2axi/s_sc_aw_payld'(147) to pin: '/m04_nodes/M_SC_AW_payld'(151) - Only lower order bits will be connected.
WARNING: [BD 41-2384] Width mismatch when connecting pin: '/m05_sc2axi/s_sc_ar_payld'(147) to pin: '/m05_nodes/M_SC_AR_payld'(151) - Only lower order bits will be connected.
WARNING: [BD 41-2384] Width mismatch when connecting pin: '/m05_sc2axi/s_sc_aw_payld'(147) to pin: '/m05_nodes/M_SC_AW_payld'(151) - Only lower order bits will be connected.
WARNING: [BD 41-2384] Width mismatch when connecting pin: '/m06_sc2axi/s_sc_ar_payld'(147) to pin: '/m06_nodes/M_SC_AR_payld'(151) - Only lower order bits will be connected.
WARNING: [BD 41-2384] Width mismatch when connecting pin: '/m06_sc2axi/s_sc_aw_payld'(147) to pin: '/m06_nodes/M_SC_AW_payld'(151) - Only lower order bits will be connected.
WARNING: [BD 41-2384] Width mismatch when connecting pin: '/m07_sc2axi/s_sc_ar_payld'(147) to pin: '/m07_nodes/M_SC_AR_payld'(151) - Only lower order bits will be connected.
WARNING: [BD 41-2384] Width mismatch when connecting pin: '/m07_sc2axi/s_sc_aw_payld'(147) to pin: '/m07_nodes/M_SC_AW_payld'(151) - Only lower order bits will be connected.
WARNING: [BD 41-2384] Width mismatch when connecting pin: '/s00_nodes/s00_ar_node/s_sc_payld'(151) to pin: '/s00_nodes/S_SC_AR_payld'(147) - Only lower order bits will be connected.
WARNING: [BD 41-2384] Width mismatch when connecting pin: '/s00_nodes/s00_aw_node/s_sc_payld'(151) to pin: '/s00_nodes/S_SC_AW_payld'(147) - Only lower order bits will be connected.
WARNING: [BD 41-2384] Width mismatch when connecting pin: '/m00_nodes/m00_r_node/s_sc_payld'(55) to pin: '/m00_nodes/S_SC_R_payld'(53) - Only lower order bits will be connected.
WARNING: [BD 41-2384] Width mismatch when connecting pin: '/m00_nodes/m00_b_node/s_sc_payld'(9) to pin: '/m00_nodes/S_SC_B_payld'(7) - Only lower order bits will be connected.
WARNING: [BD 41-2384] Width mismatch when connecting pin: '/m01_nodes/m01_r_node/s_sc_payld'(55) to pin: '/m01_nodes/S_SC_R_payld'(53) - Only lower order bits will be connected.
WARNING: [BD 41-2384] Width mismatch when connecting pin: '/m01_nodes/m01_b_node/s_sc_payld'(9) to pin: '/m01_nodes/S_SC_B_payld'(7) - Only lower order bits will be connected.
WARNING: [BD 41-2384] Width mismatch when connecting pin: '/m02_nodes/m02_r_node/s_sc_payld'(55) to pin: '/m02_nodes/S_SC_R_payld'(53) - Only lower order bits will be connected.
WARNING: [BD 41-2384] Width mismatch when connecting pin: '/m02_nodes/m02_b_node/s_sc_payld'(9) to pin: '/m02_nodes/S_SC_B_payld'(7) - Only lower order bits will be connected.
WARNING: [BD 41-2384] Width mismatch when connecting pin: '/m03_nodes/m03_r_node/s_sc_payld'(55) to pin: '/m03_nodes/S_SC_R_payld'(53) - Only lower order bits will be connected.
WARNING: [BD 41-2384] Width mismatch when connecting pin: '/m03_nodes/m03_b_node/s_sc_payld'(9) to pin: '/m03_nodes/S_SC_B_payld'(7) - Only lower order bits will be connected.
WARNING: [BD 41-2384] Width mismatch when connecting pin: '/m04_nodes/m04_r_node/s_sc_payld'(55) to pin: '/m04_nodes/S_SC_R_payld'(53) - Only lower order bits will be connected.
WARNING: [BD 41-2384] Width mismatch when connecting pin: '/m04_nodes/m04_b_node/s_sc_payld'(9) to pin: '/m04_nodes/S_SC_B_payld'(7) - Only lower order bits will be connected.
WARNING: [BD 41-2384] Width mismatch when connecting pin: '/m05_nodes/m05_r_node/s_sc_payld'(55) to pin: '/m05_nodes/S_SC_R_payld'(53) - Only lower order bits will be connected.
WARNING: [BD 41-2384] Width mismatch when connecting pin: '/m05_nodes/m05_b_node/s_sc_payld'(9) to pin: '/m05_nodes/S_SC_B_payld'(7) - Only lower order bits will be connected.
WARNING: [BD 41-2384] Width mismatch when connecting pin: '/m06_nodes/m06_r_node/s_sc_payld'(55) to pin: '/m06_nodes/S_SC_R_payld'(53) - Only lower order bits will be connected.
WARNING: [BD 41-2384] Width mismatch when connecting pin: '/m06_nodes/m06_b_node/s_sc_payld'(9) to pin: '/m06_nodes/S_SC_B_payld'(7) - Only lower order bits will be connected.
WARNING: [BD 41-2384] Width mismatch when connecting pin: '/m07_nodes/m07_r_node/s_sc_payld'(55) to pin: '/m07_nodes/S_SC_R_payld'(53) - Only lower order bits will be connected.
WARNING: [BD 41-2384] Width mismatch when connecting pin: '/m07_nodes/m07_b_node/s_sc_payld'(9) to pin: '/m07_nodes/S_SC_B_payld'(7) - Only lower order bits will be connected.
WARNING: [BD 41-2384] Width mismatch when connecting pin: '/s00_axi2sc/s_sc_r_payld'(53) to pin: '/s00_nodes/M_SC_R_payld'(55) - Only lower order bits will be connected.
WARNING: [BD 41-2384] Width mismatch when connecting pin: '/s00_axi2sc/s_sc_b_payld'(7) to pin: '/s00_nodes/M_SC_B_payld'(9) - Only lower order bits will be connected.
WARNING: [BD 41-2384] Width mismatch when connecting pin: '/m00_sc2axi/s_sc_ar_payld'(147) to pin: '/m00_nodes/M_SC_AR_payld'(151) - Only lower order bits will be connected.
WARNING: [BD 41-2384] Width mismatch when connecting pin: '/m00_sc2axi/s_sc_aw_payld'(147) to pin: '/m00_nodes/M_SC_AW_payld'(151) - Only lower order bits will be connected.
WARNING: [BD 41-2384] Width mismatch when connecting pin: '/m01_sc2axi/s_sc_ar_payld'(147) to pin: '/m01_nodes/M_SC_AR_payld'(151) - Only lower order bits will be connected.
WARNING: [BD 41-2384] Width mismatch when connecting pin: '/m01_sc2axi/s_sc_aw_payld'(147) to pin: '/m01_nodes/M_SC_AW_payld'(151) - Only lower order bits will be connected.
WARNING: [BD 41-2384] Width mismatch when connecting pin: '/m02_sc2axi/s_sc_ar_payld'(147) to pin: '/m02_nodes/M_SC_AR_payld'(151) - Only lower order bits will be connected.
WARNING: [BD 41-2384] Width mismatch when connecting pin: '/m02_sc2axi/s_sc_aw_payld'(147) to pin: '/m02_nodes/M_SC_AW_payld'(151) - Only lower order bits will be connected.
WARNING: [BD 41-2384] Width mismatch when connecting pin: '/m03_sc2axi/s_sc_ar_payld'(147) to pin: '/m03_nodes/M_SC_AR_payld'(151) - Only lower order bits will be connected.
WARNING: [BD 41-2384] Width mismatch when connecting pin: '/m03_sc2axi/s_sc_aw_payld'(147) to pin: '/m03_nodes/M_SC_AW_payld'(151) - Only lower order bits will be connected.
WARNING: [BD 41-2384] Width mismatch when connecting pin: '/m04_sc2axi/s_sc_ar_payld'(147) to pin: '/m04_nodes/M_SC_AR_payld'(151) - Only lower order bits will be connected.
WARNING: [BD 41-2384] Width mismatch when connecting pin: '/m04_sc2axi/s_sc_aw_payld'(147) to pin: '/m04_nodes/M_SC_AW_payld'(151) - Only lower order bits will be connected.
WARNING: [BD 41-2384] Width mismatch when connecting pin: '/m05_sc2axi/s_sc_ar_payld'(147) to pin: '/m05_nodes/M_SC_AR_payld'(151) - Only lower order bits will be connected.
WARNING: [BD 41-2384] Width mismatch when connecting pin: '/m05_sc2axi/s_sc_aw_payld'(147) to pin: '/m05_nodes/M_SC_AW_payld'(151) - Only lower order bits will be connected.
WARNING: [BD 41-2384] Width mismatch when connecting pin: '/m06_sc2axi/s_sc_ar_payld'(147) to pin: '/m06_nodes/M_SC_AR_payld'(151) - Only lower order bits will be connected.
WARNING: [BD 41-2384] Width mismatch when connecting pin: '/m06_sc2axi/s_sc_aw_payld'(147) to pin: '/m06_nodes/M_SC_AW_payld'(151) - Only lower order bits will be connected.
WARNING: [BD 41-2384] Width mismatch when connecting pin: '/m07_sc2axi/s_sc_ar_payld'(147) to pin: '/m07_nodes/M_SC_AR_payld'(151) - Only lower order bits will be connected.
WARNING: [BD 41-2384] Width mismatch when connecting pin: '/m07_sc2axi/s_sc_aw_payld'(147) to pin: '/m07_nodes/M_SC_AW_payld'(151) - Only lower order bits will be connected.
Exporting to file c:/Users/lychee/Desktop/FPGA/combined_current_100/three_stage_combined.gen/sources_1/bd/tme_bd/ip/tme_bd_smartconnect_lite_0/bd_0/hw_handoff/tme_bd_smartconnect_lite_0.hwh
Generated Hardware Definition File c:/Users/lychee/Desktop/FPGA/combined_current_100/three_stage_combined.gen/sources_1/bd/tme_bd/ip/tme_bd_smartconnect_lite_0/bd_0/synth/tme_bd_smartconnect_lite_0.hwdef
INFO: [BD 41-1029] Generation completed for the IP Integrator block smartconnect_lite .
Exporting to file c:/Users/lychee/Desktop/FPGA/combined_current_100/three_stage_combined.gen/sources_1/bd/tme_bd/ip/tme_bd_smartconnect_mem_0/bd_0/hw_handoff/tme_bd_smartconnect_mem_0.hwh
Generated Hardware Definition File c:/Users/lychee/Desktop/FPGA/combined_current_100/three_stage_combined.gen/sources_1/bd/tme_bd/ip/tme_bd_smartconnect_mem_0/bd_0/synth/tme_bd_smartconnect_mem_0.hwdef
INFO: [BD 41-1029] Generation completed for the IP Integrator block smartconnect_mem .
INFO: [BD 41-1029] Generation completed for the IP Integrator block binarize_core_0 .
INFO: [BD 41-1029] Generation completed for the IP Integrator block axi_dma_binarize .
Exporting to file c:/Users/lychee/Desktop/FPGA/combined_current_100/three_stage_combined.gen/sources_1/bd/tme_bd/ip/tme_bd_smartconnect_bin_mem_0/bd_0/hw_handoff/tme_bd_smartconnect_bin_mem_0.hwh
Generated Hardware Definition File c:/Users/lychee/Desktop/FPGA/combined_current_100/three_stage_combined.gen/sources_1/bd/tme_bd/ip/tme_bd_smartconnect_bin_mem_0/bd_0/synth/tme_bd_smartconnect_bin_mem_0.hwdef
INFO: [BD 41-1029] Generation completed for the IP Integrator block smartconnect_bin_mem .
INFO: [BD 41-1029] Generation completed for the IP Integrator block patch_extract_core_0 .
INFO: [BD 41-1029] Generation completed for the IP Integrator block dma_pe_data .
INFO: [BD 41-1029] Generation completed for the IP Integrator block dma_pe_meta .
Exporting to file c:/Users/lychee/Desktop/FPGA/combined_current_100/three_stage_combined.gen/sources_1/bd/tme_bd/ip/tme_bd_smartconnect_pe_mem_0/bd_0/hw_handoff/tme_bd_smartconnect_pe_mem_0.hwh
Generated Hardware Definition File c:/Users/lychee/Desktop/FPGA/combined_current_100/three_stage_combined.gen/sources_1/bd/tme_bd/ip/tme_bd_smartconnect_pe_mem_0/bd_0/synth/tme_bd_smartconnect_pe_mem_0.hwdef
INFO: [BD 41-1029] Generation completed for the IP Integrator block smartconnect_pe_mem .
Exporting to file C:/Users/lychee/Desktop/FPGA/combined_current_100/three_stage_combined.gen/sources_1/bd/tme_bd/hw_handoff/tme_bd.hwh
Generated Hardware Definition File C:/Users/lychee/Desktop/FPGA/combined_current_100/three_stage_combined.gen/sources_1/bd/tme_bd/synth/tme_bd.hwdef
INFO: [BD 41-3262] Generated VHDL Instantiation Template file c:/Users/lychee/Desktop/FPGA/combined_current_100/three_stage_combined.gen/sources_1/bd/tme_bd/tme_bd.vho
INFO: [BD 41-3262] Generated Verilog Instantiation Template file c:/Users/lychee/Desktop/FPGA/combined_current_100/three_stage_combined.gen/sources_1/bd/tme_bd/tme_bd.veo
INFO: [BD 41-3262] Generated System Verilog Instantiation Template file c:/Users/lychee/Desktop/FPGA/combined_current_100/three_stage_combined.gen/sources_1/bd/tme_bd/tme_bd_sv.sveo
generate_target: Time (s): cpu = 00:00:28 ; elapsed = 00:00:34 . Memory (MB): peak = 1177.781 ; gain = 142.648
VARIANT_PROJECT=C:/Users/lychee/Desktop/FPGA/combined_current_100/three_stage_combined.xpr
@@MAKE_VARIANT_PASS@@
INFO: [Common 17-206] Exiting Vivado at Fri Aug 21 11:24:46 2026...
