

================================================================
== Vitis HLS Report for 'tme_top_Pipeline_norm_cols'
================================================================
* Date:           Thu Aug 20 00:15:54 2026

* Version:        2025.2 (Build 6295257 on Nov 14 2025)
* Project:        template_match_b0b_shadow
* Solution:       shadow (Vivado IP Flow Target)
* Product family: zynq
* Target device:  xc7z020-clg400-1


================================================================
== Performance Estimates
================================================================
+ Timing: 
    * Summary: 
    +--------+---------+----------+------------+
    |  Clock |  Target | Estimated| Uncertainty|
    +--------+---------+----------+------------+
    |ap_clk  |  5.00 ns|  6.312 ns|     1.35 ns|
    +--------+---------+----------+------------+

+ Latency: 
    * Summary: 
    +---------+---------+----------+-----------+-----+-----+-------------------+
    |  Latency (cycles) |  Latency (absolute)  |  Interval |      Pipeline     |
    |   min   |   max   |    min   |    max    | min | max |        Type       |
    +---------+---------+----------+-----------+-----+-----+-------------------+
    |      101|     3365|  0.638 us|  21.240 us|    0|    0|  loop pipeline stp|
    +---------+---------+----------+-----------+-----+-----+-------------------+

    + Detail: 
        * Instance: 
        N/A

        * Loop: 
        +-------------+---------+---------+----------+-----------+-----------+---------+----------+
        |             |  Latency (cycles) | Iteration|  Initiation Interval  |   Trip  |          |
        |  Loop Name  |   min   |   max   |  Latency |  achieved |   target  |  Count  | Pipelined|
        +-------------+---------+---------+----------+-----------+-----------+---------+----------+
        |- norm_cols  |       99|     3363|        98|          4|          4|  1 ~ 817|       yes|
        +-------------+---------+---------+----------+-----------+-----------+---------+----------+



================================================================
== Utilization Estimates
================================================================
* Summary: 
+-----------------+---------+-----+--------+-------+-----+
|       Name      | BRAM_18K| DSP |   FF   |  LUT  | URAM|
+-----------------+---------+-----+--------+-------+-----+
|DSP              |        -|    -|       -|      -|    -|
|Expression       |        -|    -|       0|    563|    -|
|FIFO             |        -|    -|       -|      -|    -|
|Instance         |        -|    3|     199|    649|    -|
|Memory           |        -|    -|       -|      -|    -|
|Multiplexer      |        -|    -|       0|    220|    -|
|Register         |        -|    -|    4270|    256|    -|
+-----------------+---------+-----+--------+-------+-----+
|Total            |        0|    3|    4469|   1688|    0|
+-----------------+---------+-----+--------+-------+-----+
|Available        |      280|  220|  106400|  53200|    0|
+-----------------+---------+-----+--------+-------+-----+
|Utilization (%)  |        0|    1|       4|      3|    0|
+-----------------+---------+-----+--------+-------+-----+

+ Detail: 
    * Instance: 
    +--------------------------------------+--------------------------------+---------+----+-----+-----+-----+
    |               Instance               |             Module             | BRAM_18K| DSP|  FF | LUT | URAM|
    +--------------------------------------+--------------------------------+---------+----+-----+-----+-----+
    |fcmp_32ns_32ns_1_4_no_dsp_1_U2316     |fcmp_32ns_32ns_1_4_no_dsp_1     |        0|   0|    0|    0|    0|
    |fdiv_32ns_32ns_32_30_no_dsp_1_U2313   |fdiv_32ns_32ns_32_30_no_dsp_1   |        0|   0|    0|    0|    0|
    |fmul_32ns_32ns_32_8_max_dsp_1_U2312   |fmul_32ns_32ns_32_8_max_dsp_1   |        0|   3|  199|  324|    0|
    |fsqrt_32ns_32ns_32_28_no_dsp_1_U2317  |fsqrt_32ns_32ns_32_28_no_dsp_1  |        0|   0|    0|    0|    0|
    |sitofp_64s_32_7_no_dsp_1_U2315        |sitofp_64s_32_7_no_dsp_1        |        0|   0|    0|    0|    0|
    |sparsemux_33_4_24_1_1_U2322           |sparsemux_33_4_24_1_1           |        0|   0|    0|   65|    0|
    |sparsemux_33_4_24_1_1_U2324           |sparsemux_33_4_24_1_1           |        0|   0|    0|   65|    0|
    |sparsemux_33_4_32_1_1_U2320           |sparsemux_33_4_32_1_1           |        0|   0|    0|   65|    0|
    |sparsemux_33_4_32_1_1_U2321           |sparsemux_33_4_32_1_1           |        0|   0|    0|   65|    0|
    |sparsemux_33_4_32_1_1_U2323           |sparsemux_33_4_32_1_1           |        0|   0|    0|   65|    0|
    +--------------------------------------+--------------------------------+---------+----+-----+-----+-----+
    |Total                                 |                                |        0|   3|  199|  649|    0|
    +--------------------------------------+--------------------------------+---------+----+-----+-----+-----+

    * DSP: 
    N/A

    * Memory: 
    N/A

    * FIFO: 
    N/A

    * Expression: 
    +-------------------------+----------+----+---+----+------------+------------+
    |      Variable Name      | Operation| DSP| FF| LUT| Bitwidth P0| Bitwidth P1|
    +-------------------------+----------+----+---+----+------------+------------+
    |u_3_fu_1541_p2           |         +|   0|  0|  24|          17|           1|
    |grp_fu_1444_p2           |         -|   0|  0|  55|          48|          48|
    |and_ln489_fu_1794_p2     |       and|   0|  0|   2|           1|           1|
    |and_ln490_fu_1842_p2     |       and|   0|  0|   2|           1|           1|
    |and_ln492_1_fu_2061_p2   |       and|   0|  0|   2|           1|           1|
    |and_ln492_fu_2055_p2     |       and|   0|  0|   2|           1|           1|
    |ap_condition_1342        |       and|   0|  0|   2|           1|           1|
    |icmp_ln439_fu_1474_p2    |      icmp|   0|  0|  25|          18|          18|
    |icmp_ln474_1_fu_1738_p2  |      icmp|   0|  0|  55|          48|          48|
    |icmp_ln489_1_fu_1782_p2  |      icmp|   0|  0|  30|          23|           1|
    |icmp_ln489_fu_1776_p2    |      icmp|   0|  0|  15|           8|           2|
    |icmp_ln490_1_fu_1830_p2  |      icmp|   0|  0|  30|          23|           1|
    |icmp_ln490_fu_1824_p2    |      icmp|   0|  0|  15|           8|           2|
    |icmp_ln492_1_fu_2009_p2  |      icmp|   0|  0|  30|          23|           1|
    |icmp_ln492_2_fu_2015_p2  |      icmp|   0|  0|  15|           8|           2|
    |icmp_ln492_3_fu_2021_p2  |      icmp|   0|  0|  30|          23|           1|
    |icmp_ln492_fu_2003_p2    |      icmp|   0|  0|  15|           8|           2|
    |notlhs78_fu_2027_p2      |      icmp|   0|  0|  39|          32|          32|
    |notrhs79_fu_2031_p2      |      icmp|   0|  0|  31|          24|          24|
    |not_sel_tmp_fu_2035_p2   |        or|   0|  0|   2|           1|           1|
    |or_ln474_fu_1744_p2      |        or|   0|  0|   2|           1|           1|
    |or_ln489_fu_1788_p2      |        or|   0|  0|   2|           1|           1|
    |or_ln490_fu_1836_p2      |        or|   0|  0|   2|           1|           1|
    |or_ln492_1_fu_2051_p2    |        or|   0|  0|   2|           1|           1|
    |or_ln492_fu_2047_p2      |        or|   0|  0|   2|           1|           1|
    |shadow_bad_2_fu_2041_p2  |        or|   0|  0|   2|           1|           1|
    |best_score_1_fu_2067_p3  |    select|   0|  0|  32|           1|          32|
    |best_x_1_fu_2087_p3      |    select|   0|  0|  16|           1|          16|
    |best_y_fu_2093_p3        |    select|   0|  0|  16|           1|          16|
    |score_2_fu_1799_p3       |    select|   0|  0|  32|           1|          30|
    |score_4_fu_1847_p3       |    select|   0|  0|  32|           1|          32|
    |ap_enable_pp0            |       xor|   0|  0|   2|           1|           2|
    +-------------------------+----------+----+---+----+------------+------------+
    |Total                    |          |   0|  0| 563|         329|         323|
    +-------------------------+----------+----+---+----+------------+------------+

    * Multiplexer: 
    +---------------------------------------+----+-----------+-----+-----------+
    |                  Name                 | LUT| Input Size| Bits| Total Bits|
    +---------------------------------------+----+-----------+-----+-----------+
    |ap_NS_fsm                              |  25|          5|    1|          5|
    |ap_done_int                            |   9|          2|    1|          2|
    |ap_enable_reg_pp0_iter0                |   9|          2|    1|          2|
    |ap_enable_reg_pp0_iter24               |   9|          2|    1|          2|
    |ap_phi_mux_score_1_phi_fu_1383_p4      |   9|          2|   32|         64|
    |ap_phi_reg_pp0_iter2_score_1_reg_1379  |   9|          2|   32|         64|
    |best_score_1_out_o                     |   9|          2|   32|         64|
    |best_x_1_out_o                         |   9|          2|   16|         32|
    |best_y_1_out_o                         |   9|          2|   16|         32|
    |grp_fu_1416_opcode                     |  14|          3|    5|         15|
    |grp_fu_1416_p0                         |  20|          4|   32|        128|
    |grp_fu_1416_p1                         |  20|          4|   32|        128|
    |grp_fu_1428_p0                         |  14|          3|   24|         72|
    |grp_fu_1428_p1                         |  14|          3|   24|         72|
    |grp_fu_1432_p0                         |  14|          3|   32|         96|
    |score_1_reg_1379                       |   9|          2|   32|         64|
    |shadow_bad_1_reg_1391                  |   9|          2|    1|          2|
    |u_1_fu_286                             |   9|          2|   17|         34|
    +---------------------------------------+----+-----------+-----+-----------+
    |Total                                  | 220|         47|  331|        878|
    +---------------------------------------+----+-----------+-----+-----------+

    * Register: 
    +-----------------------------------------------------------------------------------------------+----+----+-----+-----------+
    |                                              Name                                             | FF | LUT| Bits| Const Bits|
    +-----------------------------------------------------------------------------------------------+----+----+-----+-----------+
    |and_ln492_1_reg_3158                                                                           |   1|   0|    1|          0|
    |ap_CS_fsm                                                                                      |   4|   0|    4|          0|
    |ap_done_reg                                                                                    |   1|   0|    1|          0|
    |ap_enable_reg_pp0_iter0_reg                                                                    |   1|   0|    1|          0|
    |ap_enable_reg_pp0_iter1                                                                        |   1|   0|    1|          0|
    |ap_enable_reg_pp0_iter10                                                                       |   1|   0|    1|          0|
    |ap_enable_reg_pp0_iter11                                                                       |   1|   0|    1|          0|
    |ap_enable_reg_pp0_iter12                                                                       |   1|   0|    1|          0|
    |ap_enable_reg_pp0_iter13                                                                       |   1|   0|    1|          0|
    |ap_enable_reg_pp0_iter14                                                                       |   1|   0|    1|          0|
    |ap_enable_reg_pp0_iter15                                                                       |   1|   0|    1|          0|
    |ap_enable_reg_pp0_iter16                                                                       |   1|   0|    1|          0|
    |ap_enable_reg_pp0_iter17                                                                       |   1|   0|    1|          0|
    |ap_enable_reg_pp0_iter18                                                                       |   1|   0|    1|          0|
    |ap_enable_reg_pp0_iter19                                                                       |   1|   0|    1|          0|
    |ap_enable_reg_pp0_iter2                                                                        |   1|   0|    1|          0|
    |ap_enable_reg_pp0_iter20                                                                       |   1|   0|    1|          0|
    |ap_enable_reg_pp0_iter21                                                                       |   1|   0|    1|          0|
    |ap_enable_reg_pp0_iter22                                                                       |   1|   0|    1|          0|
    |ap_enable_reg_pp0_iter23                                                                       |   1|   0|    1|          0|
    |ap_enable_reg_pp0_iter24                                                                       |   1|   0|    1|          0|
    |ap_enable_reg_pp0_iter3                                                                        |   1|   0|    1|          0|
    |ap_enable_reg_pp0_iter4                                                                        |   1|   0|    1|          0|
    |ap_enable_reg_pp0_iter5                                                                        |   1|   0|    1|          0|
    |ap_enable_reg_pp0_iter6                                                                        |   1|   0|    1|          0|
    |ap_enable_reg_pp0_iter7                                                                        |   1|   0|    1|          0|
    |ap_enable_reg_pp0_iter8                                                                        |   1|   0|    1|          0|
    |ap_enable_reg_pp0_iter9                                                                        |   1|   0|    1|          0|
    |ap_loop_exit_ready_pp0_iter10_reg                                                              |   1|   0|    1|          0|
    |ap_loop_exit_ready_pp0_iter11_reg                                                              |   1|   0|    1|          0|
    |ap_loop_exit_ready_pp0_iter12_reg                                                              |   1|   0|    1|          0|
    |ap_loop_exit_ready_pp0_iter13_reg                                                              |   1|   0|    1|          0|
    |ap_loop_exit_ready_pp0_iter14_reg                                                              |   1|   0|    1|          0|
    |ap_loop_exit_ready_pp0_iter15_reg                                                              |   1|   0|    1|          0|
    |ap_loop_exit_ready_pp0_iter16_reg                                                              |   1|   0|    1|          0|
    |ap_loop_exit_ready_pp0_iter17_reg                                                              |   1|   0|    1|          0|
    |ap_loop_exit_ready_pp0_iter18_reg                                                              |   1|   0|    1|          0|
    |ap_loop_exit_ready_pp0_iter19_reg                                                              |   1|   0|    1|          0|
    |ap_loop_exit_ready_pp0_iter1_reg                                                               |   1|   0|    1|          0|
    |ap_loop_exit_ready_pp0_iter20_reg                                                              |   1|   0|    1|          0|
    |ap_loop_exit_ready_pp0_iter21_reg                                                              |   1|   0|    1|          0|
    |ap_loop_exit_ready_pp0_iter22_reg                                                              |   1|   0|    1|          0|
    |ap_loop_exit_ready_pp0_iter23_reg                                                              |   1|   0|    1|          0|
    |ap_loop_exit_ready_pp0_iter2_reg                                                               |   1|   0|    1|          0|
    |ap_loop_exit_ready_pp0_iter3_reg                                                               |   1|   0|    1|          0|
    |ap_loop_exit_ready_pp0_iter4_reg                                                               |   1|   0|    1|          0|
    |ap_loop_exit_ready_pp0_iter5_reg                                                               |   1|   0|    1|          0|
    |ap_loop_exit_ready_pp0_iter6_reg                                                               |   1|   0|    1|          0|
    |ap_loop_exit_ready_pp0_iter7_reg                                                               |   1|   0|    1|          0|
    |ap_loop_exit_ready_pp0_iter8_reg                                                               |   1|   0|    1|          0|
    |ap_loop_exit_ready_pp0_iter9_reg                                                               |   1|   0|    1|          0|
    |ap_phi_reg_pp0_iter10_score_1_reg_1379                                                         |  32|   0|   32|          0|
    |ap_phi_reg_pp0_iter11_score_1_reg_1379                                                         |  32|   0|   32|          0|
    |ap_phi_reg_pp0_iter12_score_1_reg_1379                                                         |  32|   0|   32|          0|
    |ap_phi_reg_pp0_iter13_score_1_reg_1379                                                         |  32|   0|   32|          0|
    |ap_phi_reg_pp0_iter14_score_1_reg_1379                                                         |  32|   0|   32|          0|
    |ap_phi_reg_pp0_iter15_score_1_reg_1379                                                         |  32|   0|   32|          0|
    |ap_phi_reg_pp0_iter16_score_1_reg_1379                                                         |  32|   0|   32|          0|
    |ap_phi_reg_pp0_iter17_score_1_reg_1379                                                         |  32|   0|   32|          0|
    |ap_phi_reg_pp0_iter18_score_1_reg_1379                                                         |  32|   0|   32|          0|
    |ap_phi_reg_pp0_iter19_score_1_reg_1379                                                         |  32|   0|   32|          0|
    |ap_phi_reg_pp0_iter1_score_1_reg_1379                                                          |  32|   0|   32|          0|
    |ap_phi_reg_pp0_iter20_score_1_reg_1379                                                         |  32|   0|   32|          0|
    |ap_phi_reg_pp0_iter2_score_1_reg_1379                                                          |  32|   0|   32|          0|
    |ap_phi_reg_pp0_iter3_score_1_reg_1379                                                          |  32|   0|   32|          0|
    |ap_phi_reg_pp0_iter4_score_1_reg_1379                                                          |  32|   0|   32|          0|
    |ap_phi_reg_pp0_iter5_score_1_reg_1379                                                          |  32|   0|   32|          0|
    |ap_phi_reg_pp0_iter6_score_1_reg_1379                                                          |  32|   0|   32|          0|
    |ap_phi_reg_pp0_iter7_score_1_reg_1379                                                          |  32|   0|   32|          0|
    |ap_phi_reg_pp0_iter8_score_1_reg_1379                                                          |  32|   0|   32|          0|
    |ap_phi_reg_pp0_iter9_score_1_reg_1379                                                          |  32|   0|   32|          0|
    |best_score_1_out_load_reg_2956                                                                 |  32|   0|   32|          0|
    |best_x_reg_2713                                                                                |  16|   0|   16|          0|
    |conv1_reg_2747                                                                                 |  32|   0|   32|          0|
    |conv_reg_2752                                                                                  |  32|   0|   32|          0|
    |icmp_ln439_reg_2160                                                                            |   1|   0|    1|          0|
    |icmp_ln474_1_reg_2728                                                                          |   1|   0|    1|          0|
    |icmp_ln492_1_reg_3138                                                                          |   1|   0|    1|          0|
    |icmp_ln492_2_reg_3143                                                                          |   1|   0|    1|          0|
    |icmp_ln492_3_reg_3148                                                                          |   1|   0|    1|          0|
    |icmp_ln492_reg_3133                                                                            |   1|   0|    1|          0|
    |or_ln474_reg_2733                                                                              |   1|   0|    1|          0|
    |p_ZZ7tme_topRN3hls6streamINS_4axisI7ap_uintILi8EELm1ELm1ELm1ELh56ELb0EEELi0EEES6_100_reg_2595  |  32|   0|   32|          0|
    |p_ZZ7tme_topRN3hls6streamINS_4axisI7ap_uintILi8EELm1ELm1ELm1ELh56ELb0EEELi0EEES6_101_reg_2600  |  32|   0|   32|          0|
    |p_ZZ7tme_topRN3hls6streamINS_4axisI7ap_uintILi8EELm1ELm1ELm1ELh56ELb0EEELi0EEES6_108_reg_2655  |  24|   0|   24|          0|
    |p_ZZ7tme_topRN3hls6streamINS_4axisI7ap_uintILi8EELm1ELm1ELm1ELh56ELb0EEELi0EEES6_109_reg_2660  |  24|   0|   24|          0|
    |p_ZZ7tme_topRN3hls6streamINS_4axisI7ap_uintILi8EELm1ELm1ELm1ELh56ELb0EEELi0EEES6_110_reg_2665  |  24|   0|   24|          0|
    |p_ZZ7tme_topRN3hls6streamINS_4axisI7ap_uintILi8EELm1ELm1ELm1ELh56ELb0EEELi0EEES6_111_reg_2670  |  24|   0|   24|          0|
    |p_ZZ7tme_topRN3hls6streamINS_4axisI7ap_uintILi8EELm1ELm1ELm1ELh56ELb0EEELi0EEES6_112_reg_2675  |  24|   0|   24|          0|
    |p_ZZ7tme_topRN3hls6streamINS_4axisI7ap_uintILi8EELm1ELm1ELm1ELh56ELb0EEELi0EEES6_113_reg_2680  |  24|   0|   24|          0|
    |p_ZZ7tme_topRN3hls6streamINS_4axisI7ap_uintILi8EELm1ELm1ELm1ELh56ELb0EEELi0EEES6_120_reg_3013  |  32|   0|   32|          0|
    |p_ZZ7tme_topRN3hls6streamINS_4axisI7ap_uintILi8EELm1ELm1ELm1ELh56ELb0EEELi0EEES6_121_reg_3018  |  32|   0|   32|          0|
    |p_ZZ7tme_topRN3hls6streamINS_4axisI7ap_uintILi8EELm1ELm1ELm1ELh56ELb0EEELi0EEES6_122_reg_3023  |  32|   0|   32|          0|
    |p_ZZ7tme_topRN3hls6streamINS_4axisI7ap_uintILi8EELm1ELm1ELm1ELh56ELb0EEELi0EEES6_123_reg_3028  |  32|   0|   32|          0|
    |p_ZZ7tme_topRN3hls6streamINS_4axisI7ap_uintILi8EELm1ELm1ELm1ELh56ELb0EEELi0EEES6_124_reg_3033  |  32|   0|   32|          0|
    |p_ZZ7tme_topRN3hls6streamINS_4axisI7ap_uintILi8EELm1ELm1ELm1ELh56ELb0EEELi0EEES6_125_reg_3038  |  32|   0|   32|          0|
    |p_ZZ7tme_topRN3hls6streamINS_4axisI7ap_uintILi8EELm1ELm1ELm1ELh56ELb0EEELi0EEES6_132_reg_3093  |  24|   0|   24|          0|
    |p_ZZ7tme_topRN3hls6streamINS_4axisI7ap_uintILi8EELm1ELm1ELm1ELh56ELb0EEELi0EEES6_133_reg_3098  |  24|   0|   24|          0|
    |p_ZZ7tme_topRN3hls6streamINS_4axisI7ap_uintILi8EELm1ELm1ELm1ELh56ELb0EEELi0EEES6_134_reg_3103  |  24|   0|   24|          0|
    |p_ZZ7tme_topRN3hls6streamINS_4axisI7ap_uintILi8EELm1ELm1ELm1ELh56ELb0EEELi0EEES6_135_reg_3108  |  24|   0|   24|          0|
    |p_ZZ7tme_topRN3hls6streamINS_4axisI7ap_uintILi8EELm1ELm1ELm1ELh56ELb0EEELi0EEES6_136_reg_3113  |  24|   0|   24|          0|
    |p_ZZ7tme_topRN3hls6streamINS_4axisI7ap_uintILi8EELm1ELm1ELm1ELh56ELb0EEELi0EEES6_137_reg_3118  |  24|   0|   24|          0|
    |p_ZZ7tme_topRN3hls6streamINS_4axisI7ap_uintILi8EELm1ELm1ELm1ELh56ELb0EEELi0EEES6_84_reg_2495   |  32|   0|   32|          0|
    |p_ZZ7tme_topRN3hls6streamINS_4axisI7ap_uintILi8EELm1ELm1ELm1ELh56ELb0EEELi0EEES6_85_reg_2500   |  32|   0|   32|          0|
    |p_ZZ7tme_topRN3hls6streamINS_4axisI7ap_uintILi8EELm1ELm1ELm1ELh56ELb0EEELi0EEES6_86_reg_2505   |  32|   0|   32|          0|
    |p_ZZ7tme_topRN3hls6streamINS_4axisI7ap_uintILi8EELm1ELm1ELm1ELh56ELb0EEELi0EEES6_87_reg_2510   |  32|   0|   32|          0|
    |p_ZZ7tme_topRN3hls6streamINS_4axisI7ap_uintILi8EELm1ELm1ELm1ELh56ELb0EEELi0EEES6_88_reg_2515   |  32|   0|   32|          0|
    |p_ZZ7tme_topRN3hls6streamINS_4axisI7ap_uintILi8EELm1ELm1ELm1ELh56ELb0EEELi0EEES6_89_reg_2520   |  32|   0|   32|          0|
    |p_ZZ7tme_topRN3hls6streamINS_4axisI7ap_uintILi8EELm1ELm1ELm1ELh56ELb0EEELi0EEES6_96_reg_2575   |  32|   0|   32|          0|
    |p_ZZ7tme_topRN3hls6streamINS_4axisI7ap_uintILi8EELm1ELm1ELm1ELh56ELb0EEELi0EEES6_97_reg_2580   |  32|   0|   32|          0|
    |p_ZZ7tme_topRN3hls6streamINS_4axisI7ap_uintILi8EELm1ELm1ELm1ELh56ELb0EEELi0EEES6_98_reg_2585   |  32|   0|   32|          0|
    |p_ZZ7tme_topRN3hls6streamINS_4axisI7ap_uintILi8EELm1ELm1ELm1ELh56ELb0EEELi0EEES6_99_reg_2590   |  32|   0|   32|          0|
    |reg_1436                                                                                       |  48|   0|   48|          0|
    |reg_1440                                                                                       |  48|   0|   48|          0|
    |reg_1450                                                                                       |  48|   0|   48|          0|
    |score_1_reg_1379                                                                               |  32|   0|   32|          0|
    |score_2_reg_2777                                                                               |  32|   0|   32|          0|
    |score_2_reg_2777_pp0_iter22_reg                                                                |  32|   0|   32|          0|
    |score_4_reg_2789                                                                               |  32|   0|   32|          0|
    |score_reg_2767                                                                                 |  32|   0|   32|          0|
    |shadow_bad_1_reg_1391                                                                          |   1|   0|    1|          0|
    |shadow_bad_2_reg_3153                                                                          |   1|   0|    1|          0|
    |si_reg_2702                                                                                    |  24|   0|   24|          0|
    |sii_reg_2696                                                                                   |  32|   0|   32|          0|
    |sti_reg_2691                                                                                   |  32|   0|   32|          0|
    |tme_top_stream_stream_ap_uint_ap_uint_ap_uint_ap_uint_float_ap_uint_ap_uint_140_reg_2445       |  32|   0|   32|          0|
    |tme_top_stream_stream_ap_uint_ap_uint_ap_uint_ap_uint_float_ap_uint_ap_uint_141_reg_2450       |  32|   0|   32|          0|
    |tme_top_stream_stream_ap_uint_ap_uint_ap_uint_ap_uint_float_ap_uint_ap_uint_142_reg_2455       |  32|   0|   32|          0|
    |tme_top_stream_stream_ap_uint_ap_uint_ap_uint_ap_uint_float_ap_uint_ap_uint_143_reg_2460       |  32|   0|   32|          0|
    |tme_top_stream_stream_ap_uint_ap_uint_ap_uint_ap_uint_float_ap_uint_ap_uint_144_reg_2465       |  32|   0|   32|          0|
    |tme_top_stream_stream_ap_uint_ap_uint_ap_uint_ap_uint_float_ap_uint_ap_uint_145_reg_2470       |  32|   0|   32|          0|
    |tme_top_stream_stream_ap_uint_ap_uint_ap_uint_ap_uint_float_ap_uint_ap_uint_146_reg_2475       |  32|   0|   32|          0|
    |tme_top_stream_stream_ap_uint_ap_uint_ap_uint_ap_uint_float_ap_uint_ap_uint_147_reg_2480       |  32|   0|   32|          0|
    |tme_top_stream_stream_ap_uint_ap_uint_ap_uint_ap_uint_float_ap_uint_ap_uint_148_reg_2485       |  32|   0|   32|          0|
    |tme_top_stream_stream_ap_uint_ap_uint_ap_uint_ap_uint_float_ap_uint_ap_uint_149_reg_2490       |  32|   0|   32|          0|
    |tme_top_stream_stream_ap_uint_ap_uint_ap_uint_ap_uint_float_ap_uint_ap_uint_160_reg_2525       |  32|   0|   32|          0|
    |tme_top_stream_stream_ap_uint_ap_uint_ap_uint_ap_uint_float_ap_uint_ap_uint_161_reg_2530       |  32|   0|   32|          0|
    |tme_top_stream_stream_ap_uint_ap_uint_ap_uint_ap_uint_float_ap_uint_ap_uint_162_reg_2535       |  32|   0|   32|          0|
    |tme_top_stream_stream_ap_uint_ap_uint_ap_uint_ap_uint_float_ap_uint_ap_uint_163_reg_2540       |  32|   0|   32|          0|
    |tme_top_stream_stream_ap_uint_ap_uint_ap_uint_ap_uint_float_ap_uint_ap_uint_164_reg_2545       |  32|   0|   32|          0|
    |tme_top_stream_stream_ap_uint_ap_uint_ap_uint_ap_uint_float_ap_uint_ap_uint_165_reg_2550       |  32|   0|   32|          0|
    |tme_top_stream_stream_ap_uint_ap_uint_ap_uint_ap_uint_float_ap_uint_ap_uint_166_reg_2555       |  32|   0|   32|          0|
    |tme_top_stream_stream_ap_uint_ap_uint_ap_uint_ap_uint_float_ap_uint_ap_uint_167_reg_2560       |  32|   0|   32|          0|
    |tme_top_stream_stream_ap_uint_ap_uint_ap_uint_ap_uint_float_ap_uint_ap_uint_168_reg_2565       |  32|   0|   32|          0|
    |tme_top_stream_stream_ap_uint_ap_uint_ap_uint_ap_uint_float_ap_uint_ap_uint_169_reg_2570       |  32|   0|   32|          0|
    |tme_top_stream_stream_ap_uint_ap_uint_ap_uint_ap_uint_float_ap_uint_ap_uint_180_reg_2605       |  24|   0|   24|          0|
    |tme_top_stream_stream_ap_uint_ap_uint_ap_uint_ap_uint_float_ap_uint_ap_uint_181_reg_2610       |  24|   0|   24|          0|
    |tme_top_stream_stream_ap_uint_ap_uint_ap_uint_ap_uint_float_ap_uint_ap_uint_182_reg_2615       |  24|   0|   24|          0|
    |tme_top_stream_stream_ap_uint_ap_uint_ap_uint_ap_uint_float_ap_uint_ap_uint_183_reg_2620       |  24|   0|   24|          0|
    |tme_top_stream_stream_ap_uint_ap_uint_ap_uint_ap_uint_float_ap_uint_ap_uint_184_reg_2625       |  24|   0|   24|          0|
    |tme_top_stream_stream_ap_uint_ap_uint_ap_uint_ap_uint_float_ap_uint_ap_uint_185_reg_2630       |  24|   0|   24|          0|
    |tme_top_stream_stream_ap_uint_ap_uint_ap_uint_ap_uint_float_ap_uint_ap_uint_186_reg_2635       |  24|   0|   24|          0|
    |tme_top_stream_stream_ap_uint_ap_uint_ap_uint_ap_uint_float_ap_uint_ap_uint_187_reg_2640       |  24|   0|   24|          0|
    |tme_top_stream_stream_ap_uint_ap_uint_ap_uint_ap_uint_float_ap_uint_ap_uint_188_reg_2645       |  24|   0|   24|          0|
    |tme_top_stream_stream_ap_uint_ap_uint_ap_uint_ap_uint_float_ap_uint_ap_uint_189_reg_2650       |  24|   0|   24|          0|
    |tme_top_stream_stream_ap_uint_ap_uint_ap_uint_ap_uint_float_ap_uint_ap_uint_200_reg_2963       |  32|   0|   32|          0|
    |tme_top_stream_stream_ap_uint_ap_uint_ap_uint_ap_uint_float_ap_uint_ap_uint_201_reg_2968       |  32|   0|   32|          0|
    |tme_top_stream_stream_ap_uint_ap_uint_ap_uint_ap_uint_float_ap_uint_ap_uint_202_reg_2973       |  32|   0|   32|          0|
    |tme_top_stream_stream_ap_uint_ap_uint_ap_uint_ap_uint_float_ap_uint_ap_uint_203_reg_2978       |  32|   0|   32|          0|
    |tme_top_stream_stream_ap_uint_ap_uint_ap_uint_ap_uint_float_ap_uint_ap_uint_204_reg_2983       |  32|   0|   32|          0|
    |tme_top_stream_stream_ap_uint_ap_uint_ap_uint_ap_uint_float_ap_uint_ap_uint_205_reg_2988       |  32|   0|   32|          0|
    |tme_top_stream_stream_ap_uint_ap_uint_ap_uint_ap_uint_float_ap_uint_ap_uint_206_reg_2993       |  32|   0|   32|          0|
    |tme_top_stream_stream_ap_uint_ap_uint_ap_uint_ap_uint_float_ap_uint_ap_uint_207_reg_2998       |  32|   0|   32|          0|
    |tme_top_stream_stream_ap_uint_ap_uint_ap_uint_ap_uint_float_ap_uint_ap_uint_208_reg_3003       |  32|   0|   32|          0|
    |tme_top_stream_stream_ap_uint_ap_uint_ap_uint_ap_uint_float_ap_uint_ap_uint_209_reg_3008       |  32|   0|   32|          0|
    |tme_top_stream_stream_ap_uint_ap_uint_ap_uint_ap_uint_float_ap_uint_ap_uint_220_reg_3043       |  24|   0|   24|          0|
    |tme_top_stream_stream_ap_uint_ap_uint_ap_uint_ap_uint_float_ap_uint_ap_uint_221_reg_3048       |  24|   0|   24|          0|
    |tme_top_stream_stream_ap_uint_ap_uint_ap_uint_ap_uint_float_ap_uint_ap_uint_222_reg_3053       |  24|   0|   24|          0|
    |tme_top_stream_stream_ap_uint_ap_uint_ap_uint_ap_uint_float_ap_uint_ap_uint_223_reg_3058       |  24|   0|   24|          0|
    |tme_top_stream_stream_ap_uint_ap_uint_ap_uint_ap_uint_float_ap_uint_ap_uint_224_reg_3063       |  24|   0|   24|          0|
    |tme_top_stream_stream_ap_uint_ap_uint_ap_uint_ap_uint_float_ap_uint_ap_uint_225_reg_3068       |  24|   0|   24|          0|
    |tme_top_stream_stream_ap_uint_ap_uint_ap_uint_ap_uint_float_ap_uint_ap_uint_226_reg_3073       |  24|   0|   24|          0|
    |tme_top_stream_stream_ap_uint_ap_uint_ap_uint_ap_uint_float_ap_uint_ap_uint_227_reg_3078       |  24|   0|   24|          0|
    |tme_top_stream_stream_ap_uint_ap_uint_ap_uint_ap_uint_float_ap_uint_ap_uint_228_reg_3083       |  24|   0|   24|          0|
    |tme_top_stream_stream_ap_uint_ap_uint_ap_uint_ap_uint_float_ap_uint_ap_uint_229_reg_3088       |  24|   0|   24|          0|
    |tmp_1_reg_3128                                                                                 |  24|   0|   24|          0|
    |tmp_2_reg_2762                                                                                 |  32|   0|   32|          0|
    |tmp_4_reg_2772                                                                                 |   1|   0|    1|          0|
    |tmp_8_reg_2784                                                                                 |   1|   0|    1|          0|
    |tmp_reg_3123                                                                                   |  32|   0|   32|          0|
    |trunc_ln439_reg_2685                                                                           |   4|   0|    4|          0|
    |u_1_fu_286                                                                                     |  17|   0|   17|          0|
    |u_3_reg_2440                                                                                   |  17|   0|   17|          0|
    |u_reg_2153                                                                                     |  17|   0|   17|          0|
    |x_assign_reg_2757                                                                              |  32|   0|   32|          0|
    |zext_ln340_2_cast_reg_2143                                                                     |  24|   0|   48|         24|
    |zext_ln340_cast_reg_2148                                                                       |  16|   0|   48|         32|
    |zext_ln347_reg_2164                                                                            |   6|   0|   64|         58|
    |zext_ln470_1_reg_2707                                                                          |  24|   0|   48|         24|
    |best_x_reg_2713                                                                                |  64|  32|   16|          0|
    |conv_reg_2752                                                                                  |  64|  32|   32|          0|
    |icmp_ln439_reg_2160                                                                            |  64|  32|    1|          0|
    |or_ln474_reg_2733                                                                              |  64|  32|    1|          0|
    |si_reg_2702                                                                                    |  64|  32|   24|          0|
    |sii_reg_2696                                                                                   |  64|  32|   32|          0|
    |trunc_ln439_reg_2685                                                                           |  64|  32|    4|          0|
    |zext_ln347_reg_2164                                                                            |  64|  32|   64|         58|
    +-----------------------------------------------------------------------------------------------+----+----+-----+-----------+
    |Total                                                                                          |4270| 256| 4070|        196|
    +-----------------------------------------------------------------------------------------------+----+----+-----+-----------+



================================================================
== Interface
================================================================
* Summary: 
+----------------------------------------------------------------------------------------------+-----+-----+------------+-------------------------------------------------------------------------------------+--------------+
|                                           RTL Ports                                          | Dir | Bits|  Protocol  |                                    Source Object                                    |    C Type    |
+----------------------------------------------------------------------------------------------+-----+-----+------------+-------------------------------------------------------------------------------------+--------------+
|ap_clk                                                                                        |   in|    1|  ap_ctrl_hs|                                                           tme_top_Pipeline_norm_cols|  return value|
|ap_rst                                                                                        |   in|    1|  ap_ctrl_hs|                                                           tme_top_Pipeline_norm_cols|  return value|
|ap_start                                                                                      |   in|    1|  ap_ctrl_hs|                                                           tme_top_Pipeline_norm_cols|  return value|
|ap_done                                                                                       |  out|    1|  ap_ctrl_hs|                                                           tme_top_Pipeline_norm_cols|  return value|
|ap_idle                                                                                       |  out|    1|  ap_ctrl_hs|                                                           tme_top_Pipeline_norm_cols|  return value|
|ap_ready                                                                                      |  out|    1|  ap_ctrl_hs|                                                           tme_top_Pipeline_norm_cols|  return value|
|grp_fu_2505_p_din0                                                                            |  out|   64|  ap_ctrl_hs|                                                           tme_top_Pipeline_norm_cols|  return value|
|grp_fu_2505_p_dout0                                                                           |   in|   32|  ap_ctrl_hs|                                                           tme_top_Pipeline_norm_cols|  return value|
|grp_fu_2505_p_ce                                                                              |  out|    1|  ap_ctrl_hs|                                                           tme_top_Pipeline_norm_cols|  return value|
|grp_fu_2508_p_din0                                                                            |  out|   24|  ap_ctrl_hs|                                                           tme_top_Pipeline_norm_cols|  return value|
|grp_fu_2508_p_din1                                                                            |  out|   24|  ap_ctrl_hs|                                                           tme_top_Pipeline_norm_cols|  return value|
|grp_fu_2508_p_dout0                                                                           |   in|   48|  ap_ctrl_hs|                                                           tme_top_Pipeline_norm_cols|  return value|
|grp_fu_2508_p_ce                                                                              |  out|    1|  ap_ctrl_hs|                                                           tme_top_Pipeline_norm_cols|  return value|
|grp_fu_2512_p_din0                                                                            |  out|   32|  ap_ctrl_hs|                                                           tme_top_Pipeline_norm_cols|  return value|
|grp_fu_2512_p_din1                                                                            |  out|   16|  ap_ctrl_hs|                                                           tme_top_Pipeline_norm_cols|  return value|
|grp_fu_2512_p_dout0                                                                           |   in|   48|  ap_ctrl_hs|                                                           tme_top_Pipeline_norm_cols|  return value|
|grp_fu_2512_p_ce                                                                              |  out|    1|  ap_ctrl_hs|                                                           tme_top_Pipeline_norm_cols|  return value|
|shadow_bad                                                                                    |   in|    1|     ap_none|                                                                           shadow_bad|        scalar|
|rw                                                                                            |   in|   18|     ap_none|                                                                                   rw|        scalar|
|empty                                                                                         |   in|   16|     ap_none|                                                                                empty|        scalar|
|zext_ln340                                                                                    |   in|   16|     ap_none|                                                                           zext_ln340|        scalar|
|zext_ln340_2                                                                                  |   in|   24|     ap_none|                                                                         zext_ln340_2|        scalar|
|icmp_ln474                                                                                    |   in|    1|     ap_none|                                                                           icmp_ln474|        scalar|
|dt_f                                                                                          |   in|   32|     ap_none|                                                                                 dt_f|        scalar|
|shadow_bad_1_out                                                                              |  out|    1|      ap_vld|                                                                     shadow_bad_1_out|       pointer|
|shadow_bad_1_out_ap_vld                                                                       |  out|    1|      ap_vld|                                                                     shadow_bad_1_out|       pointer|
|best_score_1_out_i                                                                            |   in|   32|     ap_ovld|                                                                     best_score_1_out|       pointer|
|best_score_1_out_o                                                                            |  out|   32|     ap_ovld|                                                                     best_score_1_out|       pointer|
|best_score_1_out_o_ap_vld                                                                     |  out|    1|     ap_ovld|                                                                     best_score_1_out|       pointer|
|best_y_1_out_i                                                                                |   in|   16|     ap_ovld|                                                                         best_y_1_out|       pointer|
|best_y_1_out_o                                                                                |  out|   16|     ap_ovld|                                                                         best_y_1_out|       pointer|
|best_y_1_out_o_ap_vld                                                                         |  out|    1|     ap_ovld|                                                                         best_y_1_out|       pointer|
|best_x_1_out_i                                                                                |   in|   16|     ap_ovld|                                                                         best_x_1_out|       pointer|
|best_x_1_out_o                                                                                |  out|   16|     ap_ovld|                                                                         best_x_1_out|       pointer|
|best_x_1_out_o_ap_vld                                                                         |  out|    1|     ap_ovld|                                                                         best_x_1_out|       pointer|
|tme_top_stream_stream_ap_uint_ap_uint_ap_uint_ap_uint_float_ap_uint_ap_uint_9_address0        |  out|    6|   ap_memory|        tme_top_stream_stream_ap_uint_ap_uint_ap_uint_ap_uint_float_ap_uint_ap_uint_9|         array|
|tme_top_stream_stream_ap_uint_ap_uint_ap_uint_ap_uint_float_ap_uint_ap_uint_9_ce0             |  out|    1|   ap_memory|        tme_top_stream_stream_ap_uint_ap_uint_ap_uint_ap_uint_float_ap_uint_ap_uint_9|         array|
|tme_top_stream_stream_ap_uint_ap_uint_ap_uint_ap_uint_float_ap_uint_ap_uint_9_q0              |   in|   32|   ap_memory|        tme_top_stream_stream_ap_uint_ap_uint_ap_uint_ap_uint_float_ap_uint_ap_uint_9|         array|
|tme_top_stream_stream_ap_uint_ap_uint_ap_uint_ap_uint_float_ap_uint_ap_uint_8_address0        |  out|    6|   ap_memory|        tme_top_stream_stream_ap_uint_ap_uint_ap_uint_ap_uint_float_ap_uint_ap_uint_8|         array|
|tme_top_stream_stream_ap_uint_ap_uint_ap_uint_ap_uint_float_ap_uint_ap_uint_8_ce0             |  out|    1|   ap_memory|        tme_top_stream_stream_ap_uint_ap_uint_ap_uint_ap_uint_float_ap_uint_ap_uint_8|         array|
|tme_top_stream_stream_ap_uint_ap_uint_ap_uint_ap_uint_float_ap_uint_ap_uint_8_q0              |   in|   32|   ap_memory|        tme_top_stream_stream_ap_uint_ap_uint_ap_uint_ap_uint_float_ap_uint_ap_uint_8|         array|
|tme_top_stream_stream_ap_uint_ap_uint_ap_uint_ap_uint_float_ap_uint_ap_uint_7_address0        |  out|    6|   ap_memory|        tme_top_stream_stream_ap_uint_ap_uint_ap_uint_ap_uint_float_ap_uint_ap_uint_7|         array|
|tme_top_stream_stream_ap_uint_ap_uint_ap_uint_ap_uint_float_ap_uint_ap_uint_7_ce0             |  out|    1|   ap_memory|        tme_top_stream_stream_ap_uint_ap_uint_ap_uint_ap_uint_float_ap_uint_ap_uint_7|         array|
|tme_top_stream_stream_ap_uint_ap_uint_ap_uint_ap_uint_float_ap_uint_ap_uint_7_q0              |   in|   32|   ap_memory|        tme_top_stream_stream_ap_uint_ap_uint_ap_uint_ap_uint_float_ap_uint_ap_uint_7|         array|
|tme_top_stream_stream_ap_uint_ap_uint_ap_uint_ap_uint_float_ap_uint_ap_uint_6_address0        |  out|    6|   ap_memory|        tme_top_stream_stream_ap_uint_ap_uint_ap_uint_ap_uint_float_ap_uint_ap_uint_6|         array|
|tme_top_stream_stream_ap_uint_ap_uint_ap_uint_ap_uint_float_ap_uint_ap_uint_6_ce0             |  out|    1|   ap_memory|        tme_top_stream_stream_ap_uint_ap_uint_ap_uint_ap_uint_float_ap_uint_ap_uint_6|         array|
|tme_top_stream_stream_ap_uint_ap_uint_ap_uint_ap_uint_float_ap_uint_ap_uint_6_q0              |   in|   32|   ap_memory|        tme_top_stream_stream_ap_uint_ap_uint_ap_uint_ap_uint_float_ap_uint_ap_uint_6|         array|
|tme_top_stream_stream_ap_uint_ap_uint_ap_uint_ap_uint_float_ap_uint_ap_uint_5_address0        |  out|    6|   ap_memory|        tme_top_stream_stream_ap_uint_ap_uint_ap_uint_ap_uint_float_ap_uint_ap_uint_5|         array|
|tme_top_stream_stream_ap_uint_ap_uint_ap_uint_ap_uint_float_ap_uint_ap_uint_5_ce0             |  out|    1|   ap_memory|        tme_top_stream_stream_ap_uint_ap_uint_ap_uint_ap_uint_float_ap_uint_ap_uint_5|         array|
|tme_top_stream_stream_ap_uint_ap_uint_ap_uint_ap_uint_float_ap_uint_ap_uint_5_q0              |   in|   32|   ap_memory|        tme_top_stream_stream_ap_uint_ap_uint_ap_uint_ap_uint_float_ap_uint_ap_uint_5|         array|
|tme_top_stream_stream_ap_uint_ap_uint_ap_uint_ap_uint_float_ap_uint_ap_uint_4_address0        |  out|    6|   ap_memory|        tme_top_stream_stream_ap_uint_ap_uint_ap_uint_ap_uint_float_ap_uint_ap_uint_4|         array|
|tme_top_stream_stream_ap_uint_ap_uint_ap_uint_ap_uint_float_ap_uint_ap_uint_4_ce0             |  out|    1|   ap_memory|        tme_top_stream_stream_ap_uint_ap_uint_ap_uint_ap_uint_float_ap_uint_ap_uint_4|         array|
|tme_top_stream_stream_ap_uint_ap_uint_ap_uint_ap_uint_float_ap_uint_ap_uint_4_q0              |   in|   32|   ap_memory|        tme_top_stream_stream_ap_uint_ap_uint_ap_uint_ap_uint_float_ap_uint_ap_uint_4|         array|
|tme_top_stream_stream_ap_uint_ap_uint_ap_uint_ap_uint_float_ap_uint_ap_uint_3_address0        |  out|    6|   ap_memory|        tme_top_stream_stream_ap_uint_ap_uint_ap_uint_ap_uint_float_ap_uint_ap_uint_3|         array|
|tme_top_stream_stream_ap_uint_ap_uint_ap_uint_ap_uint_float_ap_uint_ap_uint_3_ce0             |  out|    1|   ap_memory|        tme_top_stream_stream_ap_uint_ap_uint_ap_uint_ap_uint_float_ap_uint_ap_uint_3|         array|
|tme_top_stream_stream_ap_uint_ap_uint_ap_uint_ap_uint_float_ap_uint_ap_uint_3_q0              |   in|   32|   ap_memory|        tme_top_stream_stream_ap_uint_ap_uint_ap_uint_ap_uint_float_ap_uint_ap_uint_3|         array|
|tme_top_stream_stream_ap_uint_ap_uint_ap_uint_ap_uint_float_ap_uint_ap_uint_2_address0        |  out|    6|   ap_memory|        tme_top_stream_stream_ap_uint_ap_uint_ap_uint_ap_uint_float_ap_uint_ap_uint_2|         array|
|tme_top_stream_stream_ap_uint_ap_uint_ap_uint_ap_uint_float_ap_uint_ap_uint_2_ce0             |  out|    1|   ap_memory|        tme_top_stream_stream_ap_uint_ap_uint_ap_uint_ap_uint_float_ap_uint_ap_uint_2|         array|
|tme_top_stream_stream_ap_uint_ap_uint_ap_uint_ap_uint_float_ap_uint_ap_uint_2_q0              |   in|   32|   ap_memory|        tme_top_stream_stream_ap_uint_ap_uint_ap_uint_ap_uint_float_ap_uint_ap_uint_2|         array|
|tme_top_stream_stream_ap_uint_ap_uint_ap_uint_ap_uint_float_ap_uint_ap_uint_1_address0        |  out|    6|   ap_memory|        tme_top_stream_stream_ap_uint_ap_uint_ap_uint_ap_uint_float_ap_uint_ap_uint_1|         array|
|tme_top_stream_stream_ap_uint_ap_uint_ap_uint_ap_uint_float_ap_uint_ap_uint_1_ce0             |  out|    1|   ap_memory|        tme_top_stream_stream_ap_uint_ap_uint_ap_uint_ap_uint_float_ap_uint_ap_uint_1|         array|
|tme_top_stream_stream_ap_uint_ap_uint_ap_uint_ap_uint_float_ap_uint_ap_uint_1_q0              |   in|   32|   ap_memory|        tme_top_stream_stream_ap_uint_ap_uint_ap_uint_ap_uint_float_ap_uint_ap_uint_1|         array|
|tme_top_stream_stream_ap_uint_ap_uint_ap_uint_ap_uint_float_ap_uint_ap_uint_address0          |  out|    6|   ap_memory|          tme_top_stream_stream_ap_uint_ap_uint_ap_uint_ap_uint_float_ap_uint_ap_uint|         array|
|tme_top_stream_stream_ap_uint_ap_uint_ap_uint_ap_uint_float_ap_uint_ap_uint_ce0               |  out|    1|   ap_memory|          tme_top_stream_stream_ap_uint_ap_uint_ap_uint_ap_uint_float_ap_uint_ap_uint|         array|
|tme_top_stream_stream_ap_uint_ap_uint_ap_uint_ap_uint_float_ap_uint_ap_uint_q0                |   in|   32|   ap_memory|          tme_top_stream_stream_ap_uint_ap_uint_ap_uint_ap_uint_float_ap_uint_ap_uint|         array|
|p_ZZ7tme_topRN3hls6streamINS_4axisI7ap_uintILi8EELm1ELm1ELm1ELh56ELb0EEELi0EEES6_17_address0  |  out|    6|   ap_memory|  p_ZZ7tme_topRN3hls6streamINS_4axisI7ap_uintILi8EELm1ELm1ELm1ELh56ELb0EEELi0EEES6_17|         array|
|p_ZZ7tme_topRN3hls6streamINS_4axisI7ap_uintILi8EELm1ELm1ELm1ELh56ELb0EEELi0EEES6_17_ce0       |  out|    1|   ap_memory|  p_ZZ7tme_topRN3hls6streamINS_4axisI7ap_uintILi8EELm1ELm1ELm1ELh56ELb0EEELi0EEES6_17|         array|
|p_ZZ7tme_topRN3hls6streamINS_4axisI7ap_uintILi8EELm1ELm1ELm1ELh56ELb0EEELi0EEES6_17_q0        |   in|   32|   ap_memory|  p_ZZ7tme_topRN3hls6streamINS_4axisI7ap_uintILi8EELm1ELm1ELm1ELh56ELb0EEELi0EEES6_17|         array|
|p_ZZ7tme_topRN3hls6streamINS_4axisI7ap_uintILi8EELm1ELm1ELm1ELh56ELb0EEELi0EEES6_16_address0  |  out|    6|   ap_memory|  p_ZZ7tme_topRN3hls6streamINS_4axisI7ap_uintILi8EELm1ELm1ELm1ELh56ELb0EEELi0EEES6_16|         array|
|p_ZZ7tme_topRN3hls6streamINS_4axisI7ap_uintILi8EELm1ELm1ELm1ELh56ELb0EEELi0EEES6_16_ce0       |  out|    1|   ap_memory|  p_ZZ7tme_topRN3hls6streamINS_4axisI7ap_uintILi8EELm1ELm1ELm1ELh56ELb0EEELi0EEES6_16|         array|
|p_ZZ7tme_topRN3hls6streamINS_4axisI7ap_uintILi8EELm1ELm1ELm1ELh56ELb0EEELi0EEES6_16_q0        |   in|   32|   ap_memory|  p_ZZ7tme_topRN3hls6streamINS_4axisI7ap_uintILi8EELm1ELm1ELm1ELh56ELb0EEELi0EEES6_16|         array|
|p_ZZ7tme_topRN3hls6streamINS_4axisI7ap_uintILi8EELm1ELm1ELm1ELh56ELb0EEELi0EEES6_15_address0  |  out|    6|   ap_memory|  p_ZZ7tme_topRN3hls6streamINS_4axisI7ap_uintILi8EELm1ELm1ELm1ELh56ELb0EEELi0EEES6_15|         array|
|p_ZZ7tme_topRN3hls6streamINS_4axisI7ap_uintILi8EELm1ELm1ELm1ELh56ELb0EEELi0EEES6_15_ce0       |  out|    1|   ap_memory|  p_ZZ7tme_topRN3hls6streamINS_4axisI7ap_uintILi8EELm1ELm1ELm1ELh56ELb0EEELi0EEES6_15|         array|
|p_ZZ7tme_topRN3hls6streamINS_4axisI7ap_uintILi8EELm1ELm1ELm1ELh56ELb0EEELi0EEES6_15_q0        |   in|   32|   ap_memory|  p_ZZ7tme_topRN3hls6streamINS_4axisI7ap_uintILi8EELm1ELm1ELm1ELh56ELb0EEELi0EEES6_15|         array|
|p_ZZ7tme_topRN3hls6streamINS_4axisI7ap_uintILi8EELm1ELm1ELm1ELh56ELb0EEELi0EEES6_14_address0  |  out|    6|   ap_memory|  p_ZZ7tme_topRN3hls6streamINS_4axisI7ap_uintILi8EELm1ELm1ELm1ELh56ELb0EEELi0EEES6_14|         array|
|p_ZZ7tme_topRN3hls6streamINS_4axisI7ap_uintILi8EELm1ELm1ELm1ELh56ELb0EEELi0EEES6_14_ce0       |  out|    1|   ap_memory|  p_ZZ7tme_topRN3hls6streamINS_4axisI7ap_uintILi8EELm1ELm1ELm1ELh56ELb0EEELi0EEES6_14|         array|
|p_ZZ7tme_topRN3hls6streamINS_4axisI7ap_uintILi8EELm1ELm1ELm1ELh56ELb0EEELi0EEES6_14_q0        |   in|   32|   ap_memory|  p_ZZ7tme_topRN3hls6streamINS_4axisI7ap_uintILi8EELm1ELm1ELm1ELh56ELb0EEELi0EEES6_14|         array|
|p_ZZ7tme_topRN3hls6streamINS_4axisI7ap_uintILi8EELm1ELm1ELm1ELh56ELb0EEELi0EEES6_13_address0  |  out|    6|   ap_memory|  p_ZZ7tme_topRN3hls6streamINS_4axisI7ap_uintILi8EELm1ELm1ELm1ELh56ELb0EEELi0EEES6_13|         array|
|p_ZZ7tme_topRN3hls6streamINS_4axisI7ap_uintILi8EELm1ELm1ELm1ELh56ELb0EEELi0EEES6_13_ce0       |  out|    1|   ap_memory|  p_ZZ7tme_topRN3hls6streamINS_4axisI7ap_uintILi8EELm1ELm1ELm1ELh56ELb0EEELi0EEES6_13|         array|
|p_ZZ7tme_topRN3hls6streamINS_4axisI7ap_uintILi8EELm1ELm1ELm1ELh56ELb0EEELi0EEES6_13_q0        |   in|   32|   ap_memory|  p_ZZ7tme_topRN3hls6streamINS_4axisI7ap_uintILi8EELm1ELm1ELm1ELh56ELb0EEELi0EEES6_13|         array|
|p_ZZ7tme_topRN3hls6streamINS_4axisI7ap_uintILi8EELm1ELm1ELm1ELh56ELb0EEELi0EEES6_12_address0  |  out|    6|   ap_memory|  p_ZZ7tme_topRN3hls6streamINS_4axisI7ap_uintILi8EELm1ELm1ELm1ELh56ELb0EEELi0EEES6_12|         array|
|p_ZZ7tme_topRN3hls6streamINS_4axisI7ap_uintILi8EELm1ELm1ELm1ELh56ELb0EEELi0EEES6_12_ce0       |  out|    1|   ap_memory|  p_ZZ7tme_topRN3hls6streamINS_4axisI7ap_uintILi8EELm1ELm1ELm1ELh56ELb0EEELi0EEES6_12|         array|
|p_ZZ7tme_topRN3hls6streamINS_4axisI7ap_uintILi8EELm1ELm1ELm1ELh56ELb0EEELi0EEES6_12_q0        |   in|   32|   ap_memory|  p_ZZ7tme_topRN3hls6streamINS_4axisI7ap_uintILi8EELm1ELm1ELm1ELh56ELb0EEELi0EEES6_12|         array|
|tme_top_stream_stream_ap_uint_ap_uint_ap_uint_ap_uint_float_ap_uint_ap_uint_29_address0       |  out|    6|   ap_memory|       tme_top_stream_stream_ap_uint_ap_uint_ap_uint_ap_uint_float_ap_uint_ap_uint_29|         array|
|tme_top_stream_stream_ap_uint_ap_uint_ap_uint_ap_uint_float_ap_uint_ap_uint_29_ce0            |  out|    1|   ap_memory|       tme_top_stream_stream_ap_uint_ap_uint_ap_uint_ap_uint_float_ap_uint_ap_uint_29|         array|
|tme_top_stream_stream_ap_uint_ap_uint_ap_uint_ap_uint_float_ap_uint_ap_uint_29_q0             |   in|   32|   ap_memory|       tme_top_stream_stream_ap_uint_ap_uint_ap_uint_ap_uint_float_ap_uint_ap_uint_29|         array|
|tme_top_stream_stream_ap_uint_ap_uint_ap_uint_ap_uint_float_ap_uint_ap_uint_28_address0       |  out|    6|   ap_memory|       tme_top_stream_stream_ap_uint_ap_uint_ap_uint_ap_uint_float_ap_uint_ap_uint_28|         array|
|tme_top_stream_stream_ap_uint_ap_uint_ap_uint_ap_uint_float_ap_uint_ap_uint_28_ce0            |  out|    1|   ap_memory|       tme_top_stream_stream_ap_uint_ap_uint_ap_uint_ap_uint_float_ap_uint_ap_uint_28|         array|
|tme_top_stream_stream_ap_uint_ap_uint_ap_uint_ap_uint_float_ap_uint_ap_uint_28_q0             |   in|   32|   ap_memory|       tme_top_stream_stream_ap_uint_ap_uint_ap_uint_ap_uint_float_ap_uint_ap_uint_28|         array|
|tme_top_stream_stream_ap_uint_ap_uint_ap_uint_ap_uint_float_ap_uint_ap_uint_27_address0       |  out|    6|   ap_memory|       tme_top_stream_stream_ap_uint_ap_uint_ap_uint_ap_uint_float_ap_uint_ap_uint_27|         array|
|tme_top_stream_stream_ap_uint_ap_uint_ap_uint_ap_uint_float_ap_uint_ap_uint_27_ce0            |  out|    1|   ap_memory|       tme_top_stream_stream_ap_uint_ap_uint_ap_uint_ap_uint_float_ap_uint_ap_uint_27|         array|
|tme_top_stream_stream_ap_uint_ap_uint_ap_uint_ap_uint_float_ap_uint_ap_uint_27_q0             |   in|   32|   ap_memory|       tme_top_stream_stream_ap_uint_ap_uint_ap_uint_ap_uint_float_ap_uint_ap_uint_27|         array|
|tme_top_stream_stream_ap_uint_ap_uint_ap_uint_ap_uint_float_ap_uint_ap_uint_26_address0       |  out|    6|   ap_memory|       tme_top_stream_stream_ap_uint_ap_uint_ap_uint_ap_uint_float_ap_uint_ap_uint_26|         array|
|tme_top_stream_stream_ap_uint_ap_uint_ap_uint_ap_uint_float_ap_uint_ap_uint_26_ce0            |  out|    1|   ap_memory|       tme_top_stream_stream_ap_uint_ap_uint_ap_uint_ap_uint_float_ap_uint_ap_uint_26|         array|
|tme_top_stream_stream_ap_uint_ap_uint_ap_uint_ap_uint_float_ap_uint_ap_uint_26_q0             |   in|   32|   ap_memory|       tme_top_stream_stream_ap_uint_ap_uint_ap_uint_ap_uint_float_ap_uint_ap_uint_26|         array|
|tme_top_stream_stream_ap_uint_ap_uint_ap_uint_ap_uint_float_ap_uint_ap_uint_25_address0       |  out|    6|   ap_memory|       tme_top_stream_stream_ap_uint_ap_uint_ap_uint_ap_uint_float_ap_uint_ap_uint_25|         array|
|tme_top_stream_stream_ap_uint_ap_uint_ap_uint_ap_uint_float_ap_uint_ap_uint_25_ce0            |  out|    1|   ap_memory|       tme_top_stream_stream_ap_uint_ap_uint_ap_uint_ap_uint_float_ap_uint_ap_uint_25|         array|
|tme_top_stream_stream_ap_uint_ap_uint_ap_uint_ap_uint_float_ap_uint_ap_uint_25_q0             |   in|   32|   ap_memory|       tme_top_stream_stream_ap_uint_ap_uint_ap_uint_ap_uint_float_ap_uint_ap_uint_25|         array|
|tme_top_stream_stream_ap_uint_ap_uint_ap_uint_ap_uint_float_ap_uint_ap_uint_24_address0       |  out|    6|   ap_memory|       tme_top_stream_stream_ap_uint_ap_uint_ap_uint_ap_uint_float_ap_uint_ap_uint_24|         array|
|tme_top_stream_stream_ap_uint_ap_uint_ap_uint_ap_uint_float_ap_uint_ap_uint_24_ce0            |  out|    1|   ap_memory|       tme_top_stream_stream_ap_uint_ap_uint_ap_uint_ap_uint_float_ap_uint_ap_uint_24|         array|
|tme_top_stream_stream_ap_uint_ap_uint_ap_uint_ap_uint_float_ap_uint_ap_uint_24_q0             |   in|   32|   ap_memory|       tme_top_stream_stream_ap_uint_ap_uint_ap_uint_ap_uint_float_ap_uint_ap_uint_24|         array|
|tme_top_stream_stream_ap_uint_ap_uint_ap_uint_ap_uint_float_ap_uint_ap_uint_23_address0       |  out|    6|   ap_memory|       tme_top_stream_stream_ap_uint_ap_uint_ap_uint_ap_uint_float_ap_uint_ap_uint_23|         array|
|tme_top_stream_stream_ap_uint_ap_uint_ap_uint_ap_uint_float_ap_uint_ap_uint_23_ce0            |  out|    1|   ap_memory|       tme_top_stream_stream_ap_uint_ap_uint_ap_uint_ap_uint_float_ap_uint_ap_uint_23|         array|
|tme_top_stream_stream_ap_uint_ap_uint_ap_uint_ap_uint_float_ap_uint_ap_uint_23_q0             |   in|   32|   ap_memory|       tme_top_stream_stream_ap_uint_ap_uint_ap_uint_ap_uint_float_ap_uint_ap_uint_23|         array|
|tme_top_stream_stream_ap_uint_ap_uint_ap_uint_ap_uint_float_ap_uint_ap_uint_22_address0       |  out|    6|   ap_memory|       tme_top_stream_stream_ap_uint_ap_uint_ap_uint_ap_uint_float_ap_uint_ap_uint_22|         array|
|tme_top_stream_stream_ap_uint_ap_uint_ap_uint_ap_uint_float_ap_uint_ap_uint_22_ce0            |  out|    1|   ap_memory|       tme_top_stream_stream_ap_uint_ap_uint_ap_uint_ap_uint_float_ap_uint_ap_uint_22|         array|
|tme_top_stream_stream_ap_uint_ap_uint_ap_uint_ap_uint_float_ap_uint_ap_uint_22_q0             |   in|   32|   ap_memory|       tme_top_stream_stream_ap_uint_ap_uint_ap_uint_ap_uint_float_ap_uint_ap_uint_22|         array|
|tme_top_stream_stream_ap_uint_ap_uint_ap_uint_ap_uint_float_ap_uint_ap_uint_21_address0       |  out|    6|   ap_memory|       tme_top_stream_stream_ap_uint_ap_uint_ap_uint_ap_uint_float_ap_uint_ap_uint_21|         array|
|tme_top_stream_stream_ap_uint_ap_uint_ap_uint_ap_uint_float_ap_uint_ap_uint_21_ce0            |  out|    1|   ap_memory|       tme_top_stream_stream_ap_uint_ap_uint_ap_uint_ap_uint_float_ap_uint_ap_uint_21|         array|
|tme_top_stream_stream_ap_uint_ap_uint_ap_uint_ap_uint_float_ap_uint_ap_uint_21_q0             |   in|   32|   ap_memory|       tme_top_stream_stream_ap_uint_ap_uint_ap_uint_ap_uint_float_ap_uint_ap_uint_21|         array|
|tme_top_stream_stream_ap_uint_ap_uint_ap_uint_ap_uint_float_ap_uint_ap_uint_20_address0       |  out|    6|   ap_memory|       tme_top_stream_stream_ap_uint_ap_uint_ap_uint_ap_uint_float_ap_uint_ap_uint_20|         array|
|tme_top_stream_stream_ap_uint_ap_uint_ap_uint_ap_uint_float_ap_uint_ap_uint_20_ce0            |  out|    1|   ap_memory|       tme_top_stream_stream_ap_uint_ap_uint_ap_uint_ap_uint_float_ap_uint_ap_uint_20|         array|
|tme_top_stream_stream_ap_uint_ap_uint_ap_uint_ap_uint_float_ap_uint_ap_uint_20_q0             |   in|   32|   ap_memory|       tme_top_stream_stream_ap_uint_ap_uint_ap_uint_ap_uint_float_ap_uint_ap_uint_20|         array|
|p_ZZ7tme_topRN3hls6streamINS_4axisI7ap_uintILi8EELm1ELm1ELm1ELh56ELb0EEELi0EEES6_23_address0  |  out|    6|   ap_memory|  p_ZZ7tme_topRN3hls6streamINS_4axisI7ap_uintILi8EELm1ELm1ELm1ELh56ELb0EEELi0EEES6_23|         array|
|p_ZZ7tme_topRN3hls6streamINS_4axisI7ap_uintILi8EELm1ELm1ELm1ELh56ELb0EEELi0EEES6_23_ce0       |  out|    1|   ap_memory|  p_ZZ7tme_topRN3hls6streamINS_4axisI7ap_uintILi8EELm1ELm1ELm1ELh56ELb0EEELi0EEES6_23|         array|
|p_ZZ7tme_topRN3hls6streamINS_4axisI7ap_uintILi8EELm1ELm1ELm1ELh56ELb0EEELi0EEES6_23_q0        |   in|   32|   ap_memory|  p_ZZ7tme_topRN3hls6streamINS_4axisI7ap_uintILi8EELm1ELm1ELm1ELh56ELb0EEELi0EEES6_23|         array|
|p_ZZ7tme_topRN3hls6streamINS_4axisI7ap_uintILi8EELm1ELm1ELm1ELh56ELb0EEELi0EEES6_22_address0  |  out|    6|   ap_memory|  p_ZZ7tme_topRN3hls6streamINS_4axisI7ap_uintILi8EELm1ELm1ELm1ELh56ELb0EEELi0EEES6_22|         array|
|p_ZZ7tme_topRN3hls6streamINS_4axisI7ap_uintILi8EELm1ELm1ELm1ELh56ELb0EEELi0EEES6_22_ce0       |  out|    1|   ap_memory|  p_ZZ7tme_topRN3hls6streamINS_4axisI7ap_uintILi8EELm1ELm1ELm1ELh56ELb0EEELi0EEES6_22|         array|
|p_ZZ7tme_topRN3hls6streamINS_4axisI7ap_uintILi8EELm1ELm1ELm1ELh56ELb0EEELi0EEES6_22_q0        |   in|   32|   ap_memory|  p_ZZ7tme_topRN3hls6streamINS_4axisI7ap_uintILi8EELm1ELm1ELm1ELh56ELb0EEELi0EEES6_22|         array|
|p_ZZ7tme_topRN3hls6streamINS_4axisI7ap_uintILi8EELm1ELm1ELm1ELh56ELb0EEELi0EEES6_21_address0  |  out|    6|   ap_memory|  p_ZZ7tme_topRN3hls6streamINS_4axisI7ap_uintILi8EELm1ELm1ELm1ELh56ELb0EEELi0EEES6_21|         array|
|p_ZZ7tme_topRN3hls6streamINS_4axisI7ap_uintILi8EELm1ELm1ELm1ELh56ELb0EEELi0EEES6_21_ce0       |  out|    1|   ap_memory|  p_ZZ7tme_topRN3hls6streamINS_4axisI7ap_uintILi8EELm1ELm1ELm1ELh56ELb0EEELi0EEES6_21|         array|
|p_ZZ7tme_topRN3hls6streamINS_4axisI7ap_uintILi8EELm1ELm1ELm1ELh56ELb0EEELi0EEES6_21_q0        |   in|   32|   ap_memory|  p_ZZ7tme_topRN3hls6streamINS_4axisI7ap_uintILi8EELm1ELm1ELm1ELh56ELb0EEELi0EEES6_21|         array|
|p_ZZ7tme_topRN3hls6streamINS_4axisI7ap_uintILi8EELm1ELm1ELm1ELh56ELb0EEELi0EEES6_20_address0  |  out|    6|   ap_memory|  p_ZZ7tme_topRN3hls6streamINS_4axisI7ap_uintILi8EELm1ELm1ELm1ELh56ELb0EEELi0EEES6_20|         array|
|p_ZZ7tme_topRN3hls6streamINS_4axisI7ap_uintILi8EELm1ELm1ELm1ELh56ELb0EEELi0EEES6_20_ce0       |  out|    1|   ap_memory|  p_ZZ7tme_topRN3hls6streamINS_4axisI7ap_uintILi8EELm1ELm1ELm1ELh56ELb0EEELi0EEES6_20|         array|
|p_ZZ7tme_topRN3hls6streamINS_4axisI7ap_uintILi8EELm1ELm1ELm1ELh56ELb0EEELi0EEES6_20_q0        |   in|   32|   ap_memory|  p_ZZ7tme_topRN3hls6streamINS_4axisI7ap_uintILi8EELm1ELm1ELm1ELh56ELb0EEELi0EEES6_20|         array|
|p_ZZ7tme_topRN3hls6streamINS_4axisI7ap_uintILi8EELm1ELm1ELm1ELh56ELb0EEELi0EEES6_19_address0  |  out|    6|   ap_memory|  p_ZZ7tme_topRN3hls6streamINS_4axisI7ap_uintILi8EELm1ELm1ELm1ELh56ELb0EEELi0EEES6_19|         array|
|p_ZZ7tme_topRN3hls6streamINS_4axisI7ap_uintILi8EELm1ELm1ELm1ELh56ELb0EEELi0EEES6_19_ce0       |  out|    1|   ap_memory|  p_ZZ7tme_topRN3hls6streamINS_4axisI7ap_uintILi8EELm1ELm1ELm1ELh56ELb0EEELi0EEES6_19|         array|
|p_ZZ7tme_topRN3hls6streamINS_4axisI7ap_uintILi8EELm1ELm1ELm1ELh56ELb0EEELi0EEES6_19_q0        |   in|   32|   ap_memory|  p_ZZ7tme_topRN3hls6streamINS_4axisI7ap_uintILi8EELm1ELm1ELm1ELh56ELb0EEELi0EEES6_19|         array|
|p_ZZ7tme_topRN3hls6streamINS_4axisI7ap_uintILi8EELm1ELm1ELm1ELh56ELb0EEELi0EEES6_18_address0  |  out|    6|   ap_memory|  p_ZZ7tme_topRN3hls6streamINS_4axisI7ap_uintILi8EELm1ELm1ELm1ELh56ELb0EEELi0EEES6_18|         array|
|p_ZZ7tme_topRN3hls6streamINS_4axisI7ap_uintILi8EELm1ELm1ELm1ELh56ELb0EEELi0EEES6_18_ce0       |  out|    1|   ap_memory|  p_ZZ7tme_topRN3hls6streamINS_4axisI7ap_uintILi8EELm1ELm1ELm1ELh56ELb0EEELi0EEES6_18|         array|
|p_ZZ7tme_topRN3hls6streamINS_4axisI7ap_uintILi8EELm1ELm1ELm1ELh56ELb0EEELi0EEES6_18_q0        |   in|   32|   ap_memory|  p_ZZ7tme_topRN3hls6streamINS_4axisI7ap_uintILi8EELm1ELm1ELm1ELh56ELb0EEELi0EEES6_18|         array|
|tme_top_stream_stream_ap_uint_ap_uint_ap_uint_ap_uint_float_ap_uint_ap_uint_49_address0       |  out|    6|   ap_memory|       tme_top_stream_stream_ap_uint_ap_uint_ap_uint_ap_uint_float_ap_uint_ap_uint_49|         array|
|tme_top_stream_stream_ap_uint_ap_uint_ap_uint_ap_uint_float_ap_uint_ap_uint_49_ce0            |  out|    1|   ap_memory|       tme_top_stream_stream_ap_uint_ap_uint_ap_uint_ap_uint_float_ap_uint_ap_uint_49|         array|
|tme_top_stream_stream_ap_uint_ap_uint_ap_uint_ap_uint_float_ap_uint_ap_uint_49_q0             |   in|   24|   ap_memory|       tme_top_stream_stream_ap_uint_ap_uint_ap_uint_ap_uint_float_ap_uint_ap_uint_49|         array|
|tme_top_stream_stream_ap_uint_ap_uint_ap_uint_ap_uint_float_ap_uint_ap_uint_48_address0       |  out|    6|   ap_memory|       tme_top_stream_stream_ap_uint_ap_uint_ap_uint_ap_uint_float_ap_uint_ap_uint_48|         array|
|tme_top_stream_stream_ap_uint_ap_uint_ap_uint_ap_uint_float_ap_uint_ap_uint_48_ce0            |  out|    1|   ap_memory|       tme_top_stream_stream_ap_uint_ap_uint_ap_uint_ap_uint_float_ap_uint_ap_uint_48|         array|
|tme_top_stream_stream_ap_uint_ap_uint_ap_uint_ap_uint_float_ap_uint_ap_uint_48_q0             |   in|   24|   ap_memory|       tme_top_stream_stream_ap_uint_ap_uint_ap_uint_ap_uint_float_ap_uint_ap_uint_48|         array|
|tme_top_stream_stream_ap_uint_ap_uint_ap_uint_ap_uint_float_ap_uint_ap_uint_47_address0       |  out|    6|   ap_memory|       tme_top_stream_stream_ap_uint_ap_uint_ap_uint_ap_uint_float_ap_uint_ap_uint_47|         array|
|tme_top_stream_stream_ap_uint_ap_uint_ap_uint_ap_uint_float_ap_uint_ap_uint_47_ce0            |  out|    1|   ap_memory|       tme_top_stream_stream_ap_uint_ap_uint_ap_uint_ap_uint_float_ap_uint_ap_uint_47|         array|
|tme_top_stream_stream_ap_uint_ap_uint_ap_uint_ap_uint_float_ap_uint_ap_uint_47_q0             |   in|   24|   ap_memory|       tme_top_stream_stream_ap_uint_ap_uint_ap_uint_ap_uint_float_ap_uint_ap_uint_47|         array|
|tme_top_stream_stream_ap_uint_ap_uint_ap_uint_ap_uint_float_ap_uint_ap_uint_46_address0       |  out|    6|   ap_memory|       tme_top_stream_stream_ap_uint_ap_uint_ap_uint_ap_uint_float_ap_uint_ap_uint_46|         array|
|tme_top_stream_stream_ap_uint_ap_uint_ap_uint_ap_uint_float_ap_uint_ap_uint_46_ce0            |  out|    1|   ap_memory|       tme_top_stream_stream_ap_uint_ap_uint_ap_uint_ap_uint_float_ap_uint_ap_uint_46|         array|
|tme_top_stream_stream_ap_uint_ap_uint_ap_uint_ap_uint_float_ap_uint_ap_uint_46_q0             |   in|   24|   ap_memory|       tme_top_stream_stream_ap_uint_ap_uint_ap_uint_ap_uint_float_ap_uint_ap_uint_46|         array|
|tme_top_stream_stream_ap_uint_ap_uint_ap_uint_ap_uint_float_ap_uint_ap_uint_45_address0       |  out|    6|   ap_memory|       tme_top_stream_stream_ap_uint_ap_uint_ap_uint_ap_uint_float_ap_uint_ap_uint_45|         array|
|tme_top_stream_stream_ap_uint_ap_uint_ap_uint_ap_uint_float_ap_uint_ap_uint_45_ce0            |  out|    1|   ap_memory|       tme_top_stream_stream_ap_uint_ap_uint_ap_uint_ap_uint_float_ap_uint_ap_uint_45|         array|
|tme_top_stream_stream_ap_uint_ap_uint_ap_uint_ap_uint_float_ap_uint_ap_uint_45_q0             |   in|   24|   ap_memory|       tme_top_stream_stream_ap_uint_ap_uint_ap_uint_ap_uint_float_ap_uint_ap_uint_45|         array|
|tme_top_stream_stream_ap_uint_ap_uint_ap_uint_ap_uint_float_ap_uint_ap_uint_44_address0       |  out|    6|   ap_memory|       tme_top_stream_stream_ap_uint_ap_uint_ap_uint_ap_uint_float_ap_uint_ap_uint_44|         array|
|tme_top_stream_stream_ap_uint_ap_uint_ap_uint_ap_uint_float_ap_uint_ap_uint_44_ce0            |  out|    1|   ap_memory|       tme_top_stream_stream_ap_uint_ap_uint_ap_uint_ap_uint_float_ap_uint_ap_uint_44|         array|
|tme_top_stream_stream_ap_uint_ap_uint_ap_uint_ap_uint_float_ap_uint_ap_uint_44_q0             |   in|   24|   ap_memory|       tme_top_stream_stream_ap_uint_ap_uint_ap_uint_ap_uint_float_ap_uint_ap_uint_44|         array|
|tme_top_stream_stream_ap_uint_ap_uint_ap_uint_ap_uint_float_ap_uint_ap_uint_43_address0       |  out|    6|   ap_memory|       tme_top_stream_stream_ap_uint_ap_uint_ap_uint_ap_uint_float_ap_uint_ap_uint_43|         array|
|tme_top_stream_stream_ap_uint_ap_uint_ap_uint_ap_uint_float_ap_uint_ap_uint_43_ce0            |  out|    1|   ap_memory|       tme_top_stream_stream_ap_uint_ap_uint_ap_uint_ap_uint_float_ap_uint_ap_uint_43|         array|
|tme_top_stream_stream_ap_uint_ap_uint_ap_uint_ap_uint_float_ap_uint_ap_uint_43_q0             |   in|   24|   ap_memory|       tme_top_stream_stream_ap_uint_ap_uint_ap_uint_ap_uint_float_ap_uint_ap_uint_43|         array|
|tme_top_stream_stream_ap_uint_ap_uint_ap_uint_ap_uint_float_ap_uint_ap_uint_42_address0       |  out|    6|   ap_memory|       tme_top_stream_stream_ap_uint_ap_uint_ap_uint_ap_uint_float_ap_uint_ap_uint_42|         array|
|tme_top_stream_stream_ap_uint_ap_uint_ap_uint_ap_uint_float_ap_uint_ap_uint_42_ce0            |  out|    1|   ap_memory|       tme_top_stream_stream_ap_uint_ap_uint_ap_uint_ap_uint_float_ap_uint_ap_uint_42|         array|
|tme_top_stream_stream_ap_uint_ap_uint_ap_uint_ap_uint_float_ap_uint_ap_uint_42_q0             |   in|   24|   ap_memory|       tme_top_stream_stream_ap_uint_ap_uint_ap_uint_ap_uint_float_ap_uint_ap_uint_42|         array|
|tme_top_stream_stream_ap_uint_ap_uint_ap_uint_ap_uint_float_ap_uint_ap_uint_41_address0       |  out|    6|   ap_memory|       tme_top_stream_stream_ap_uint_ap_uint_ap_uint_ap_uint_float_ap_uint_ap_uint_41|         array|
|tme_top_stream_stream_ap_uint_ap_uint_ap_uint_ap_uint_float_ap_uint_ap_uint_41_ce0            |  out|    1|   ap_memory|       tme_top_stream_stream_ap_uint_ap_uint_ap_uint_ap_uint_float_ap_uint_ap_uint_41|         array|
|tme_top_stream_stream_ap_uint_ap_uint_ap_uint_ap_uint_float_ap_uint_ap_uint_41_q0             |   in|   24|   ap_memory|       tme_top_stream_stream_ap_uint_ap_uint_ap_uint_ap_uint_float_ap_uint_ap_uint_41|         array|
|tme_top_stream_stream_ap_uint_ap_uint_ap_uint_ap_uint_float_ap_uint_ap_uint_40_address0       |  out|    6|   ap_memory|       tme_top_stream_stream_ap_uint_ap_uint_ap_uint_ap_uint_float_ap_uint_ap_uint_40|         array|
|tme_top_stream_stream_ap_uint_ap_uint_ap_uint_ap_uint_float_ap_uint_ap_uint_40_ce0            |  out|    1|   ap_memory|       tme_top_stream_stream_ap_uint_ap_uint_ap_uint_ap_uint_float_ap_uint_ap_uint_40|         array|
|tme_top_stream_stream_ap_uint_ap_uint_ap_uint_ap_uint_float_ap_uint_ap_uint_40_q0             |   in|   24|   ap_memory|       tme_top_stream_stream_ap_uint_ap_uint_ap_uint_ap_uint_float_ap_uint_ap_uint_40|         array|
|p_ZZ7tme_topRN3hls6streamINS_4axisI7ap_uintILi8EELm1ELm1ELm1ELh56ELb0EEELi0EEES6_29_address0  |  out|    6|   ap_memory|  p_ZZ7tme_topRN3hls6streamINS_4axisI7ap_uintILi8EELm1ELm1ELm1ELh56ELb0EEELi0EEES6_29|         array|
|p_ZZ7tme_topRN3hls6streamINS_4axisI7ap_uintILi8EELm1ELm1ELm1ELh56ELb0EEELi0EEES6_29_ce0       |  out|    1|   ap_memory|  p_ZZ7tme_topRN3hls6streamINS_4axisI7ap_uintILi8EELm1ELm1ELm1ELh56ELb0EEELi0EEES6_29|         array|
|p_ZZ7tme_topRN3hls6streamINS_4axisI7ap_uintILi8EELm1ELm1ELm1ELh56ELb0EEELi0EEES6_29_q0        |   in|   24|   ap_memory|  p_ZZ7tme_topRN3hls6streamINS_4axisI7ap_uintILi8EELm1ELm1ELm1ELh56ELb0EEELi0EEES6_29|         array|
|p_ZZ7tme_topRN3hls6streamINS_4axisI7ap_uintILi8EELm1ELm1ELm1ELh56ELb0EEELi0EEES6_28_address0  |  out|    6|   ap_memory|  p_ZZ7tme_topRN3hls6streamINS_4axisI7ap_uintILi8EELm1ELm1ELm1ELh56ELb0EEELi0EEES6_28|         array|
|p_ZZ7tme_topRN3hls6streamINS_4axisI7ap_uintILi8EELm1ELm1ELm1ELh56ELb0EEELi0EEES6_28_ce0       |  out|    1|   ap_memory|  p_ZZ7tme_topRN3hls6streamINS_4axisI7ap_uintILi8EELm1ELm1ELm1ELh56ELb0EEELi0EEES6_28|         array|
|p_ZZ7tme_topRN3hls6streamINS_4axisI7ap_uintILi8EELm1ELm1ELm1ELh56ELb0EEELi0EEES6_28_q0        |   in|   24|   ap_memory|  p_ZZ7tme_topRN3hls6streamINS_4axisI7ap_uintILi8EELm1ELm1ELm1ELh56ELb0EEELi0EEES6_28|         array|
|p_ZZ7tme_topRN3hls6streamINS_4axisI7ap_uintILi8EELm1ELm1ELm1ELh56ELb0EEELi0EEES6_27_address0  |  out|    6|   ap_memory|  p_ZZ7tme_topRN3hls6streamINS_4axisI7ap_uintILi8EELm1ELm1ELm1ELh56ELb0EEELi0EEES6_27|         array|
|p_ZZ7tme_topRN3hls6streamINS_4axisI7ap_uintILi8EELm1ELm1ELm1ELh56ELb0EEELi0EEES6_27_ce0       |  out|    1|   ap_memory|  p_ZZ7tme_topRN3hls6streamINS_4axisI7ap_uintILi8EELm1ELm1ELm1ELh56ELb0EEELi0EEES6_27|         array|
|p_ZZ7tme_topRN3hls6streamINS_4axisI7ap_uintILi8EELm1ELm1ELm1ELh56ELb0EEELi0EEES6_27_q0        |   in|   24|   ap_memory|  p_ZZ7tme_topRN3hls6streamINS_4axisI7ap_uintILi8EELm1ELm1ELm1ELh56ELb0EEELi0EEES6_27|         array|
|p_ZZ7tme_topRN3hls6streamINS_4axisI7ap_uintILi8EELm1ELm1ELm1ELh56ELb0EEELi0EEES6_26_address0  |  out|    6|   ap_memory|  p_ZZ7tme_topRN3hls6streamINS_4axisI7ap_uintILi8EELm1ELm1ELm1ELh56ELb0EEELi0EEES6_26|         array|
|p_ZZ7tme_topRN3hls6streamINS_4axisI7ap_uintILi8EELm1ELm1ELm1ELh56ELb0EEELi0EEES6_26_ce0       |  out|    1|   ap_memory|  p_ZZ7tme_topRN3hls6streamINS_4axisI7ap_uintILi8EELm1ELm1ELm1ELh56ELb0EEELi0EEES6_26|         array|
|p_ZZ7tme_topRN3hls6streamINS_4axisI7ap_uintILi8EELm1ELm1ELm1ELh56ELb0EEELi0EEES6_26_q0        |   in|   24|   ap_memory|  p_ZZ7tme_topRN3hls6streamINS_4axisI7ap_uintILi8EELm1ELm1ELm1ELh56ELb0EEELi0EEES6_26|         array|
|p_ZZ7tme_topRN3hls6streamINS_4axisI7ap_uintILi8EELm1ELm1ELm1ELh56ELb0EEELi0EEES6_25_address0  |  out|    6|   ap_memory|  p_ZZ7tme_topRN3hls6streamINS_4axisI7ap_uintILi8EELm1ELm1ELm1ELh56ELb0EEELi0EEES6_25|         array|
|p_ZZ7tme_topRN3hls6streamINS_4axisI7ap_uintILi8EELm1ELm1ELm1ELh56ELb0EEELi0EEES6_25_ce0       |  out|    1|   ap_memory|  p_ZZ7tme_topRN3hls6streamINS_4axisI7ap_uintILi8EELm1ELm1ELm1ELh56ELb0EEELi0EEES6_25|         array|
|p_ZZ7tme_topRN3hls6streamINS_4axisI7ap_uintILi8EELm1ELm1ELm1ELh56ELb0EEELi0EEES6_25_q0        |   in|   24|   ap_memory|  p_ZZ7tme_topRN3hls6streamINS_4axisI7ap_uintILi8EELm1ELm1ELm1ELh56ELb0EEELi0EEES6_25|         array|
|p_ZZ7tme_topRN3hls6streamINS_4axisI7ap_uintILi8EELm1ELm1ELm1ELh56ELb0EEELi0EEES6_24_address0  |  out|    6|   ap_memory|  p_ZZ7tme_topRN3hls6streamINS_4axisI7ap_uintILi8EELm1ELm1ELm1ELh56ELb0EEELi0EEES6_24|         array|
|p_ZZ7tme_topRN3hls6streamINS_4axisI7ap_uintILi8EELm1ELm1ELm1ELh56ELb0EEELi0EEES6_24_ce0       |  out|    1|   ap_memory|  p_ZZ7tme_topRN3hls6streamINS_4axisI7ap_uintILi8EELm1ELm1ELm1ELh56ELb0EEELi0EEES6_24|         array|
|p_ZZ7tme_topRN3hls6streamINS_4axisI7ap_uintILi8EELm1ELm1ELm1ELh56ELb0EEELi0EEES6_24_q0        |   in|   24|   ap_memory|  p_ZZ7tme_topRN3hls6streamINS_4axisI7ap_uintILi8EELm1ELm1ELm1ELh56ELb0EEELi0EEES6_24|         array|
|tme_top_stream_stream_ap_uint_ap_uint_ap_uint_ap_uint_float_ap_uint_ap_uint_19_address0       |  out|    6|   ap_memory|       tme_top_stream_stream_ap_uint_ap_uint_ap_uint_ap_uint_float_ap_uint_ap_uint_19|         array|
|tme_top_stream_stream_ap_uint_ap_uint_ap_uint_ap_uint_float_ap_uint_ap_uint_19_ce0            |  out|    1|   ap_memory|       tme_top_stream_stream_ap_uint_ap_uint_ap_uint_ap_uint_float_ap_uint_ap_uint_19|         array|
|tme_top_stream_stream_ap_uint_ap_uint_ap_uint_ap_uint_float_ap_uint_ap_uint_19_q0             |   in|   32|   ap_memory|       tme_top_stream_stream_ap_uint_ap_uint_ap_uint_ap_uint_float_ap_uint_ap_uint_19|         array|
|tme_top_stream_stream_ap_uint_ap_uint_ap_uint_ap_uint_float_ap_uint_ap_uint_18_address0       |  out|    6|   ap_memory|       tme_top_stream_stream_ap_uint_ap_uint_ap_uint_ap_uint_float_ap_uint_ap_uint_18|         array|
|tme_top_stream_stream_ap_uint_ap_uint_ap_uint_ap_uint_float_ap_uint_ap_uint_18_ce0            |  out|    1|   ap_memory|       tme_top_stream_stream_ap_uint_ap_uint_ap_uint_ap_uint_float_ap_uint_ap_uint_18|         array|
|tme_top_stream_stream_ap_uint_ap_uint_ap_uint_ap_uint_float_ap_uint_ap_uint_18_q0             |   in|   32|   ap_memory|       tme_top_stream_stream_ap_uint_ap_uint_ap_uint_ap_uint_float_ap_uint_ap_uint_18|         array|
|tme_top_stream_stream_ap_uint_ap_uint_ap_uint_ap_uint_float_ap_uint_ap_uint_17_address0       |  out|    6|   ap_memory|       tme_top_stream_stream_ap_uint_ap_uint_ap_uint_ap_uint_float_ap_uint_ap_uint_17|         array|
|tme_top_stream_stream_ap_uint_ap_uint_ap_uint_ap_uint_float_ap_uint_ap_uint_17_ce0            |  out|    1|   ap_memory|       tme_top_stream_stream_ap_uint_ap_uint_ap_uint_ap_uint_float_ap_uint_ap_uint_17|         array|
|tme_top_stream_stream_ap_uint_ap_uint_ap_uint_ap_uint_float_ap_uint_ap_uint_17_q0             |   in|   32|   ap_memory|       tme_top_stream_stream_ap_uint_ap_uint_ap_uint_ap_uint_float_ap_uint_ap_uint_17|         array|
|tme_top_stream_stream_ap_uint_ap_uint_ap_uint_ap_uint_float_ap_uint_ap_uint_16_address0       |  out|    6|   ap_memory|       tme_top_stream_stream_ap_uint_ap_uint_ap_uint_ap_uint_float_ap_uint_ap_uint_16|         array|
|tme_top_stream_stream_ap_uint_ap_uint_ap_uint_ap_uint_float_ap_uint_ap_uint_16_ce0            |  out|    1|   ap_memory|       tme_top_stream_stream_ap_uint_ap_uint_ap_uint_ap_uint_float_ap_uint_ap_uint_16|         array|
|tme_top_stream_stream_ap_uint_ap_uint_ap_uint_ap_uint_float_ap_uint_ap_uint_16_q0             |   in|   32|   ap_memory|       tme_top_stream_stream_ap_uint_ap_uint_ap_uint_ap_uint_float_ap_uint_ap_uint_16|         array|
|tme_top_stream_stream_ap_uint_ap_uint_ap_uint_ap_uint_float_ap_uint_ap_uint_15_address0       |  out|    6|   ap_memory|       tme_top_stream_stream_ap_uint_ap_uint_ap_uint_ap_uint_float_ap_uint_ap_uint_15|         array|
|tme_top_stream_stream_ap_uint_ap_uint_ap_uint_ap_uint_float_ap_uint_ap_uint_15_ce0            |  out|    1|   ap_memory|       tme_top_stream_stream_ap_uint_ap_uint_ap_uint_ap_uint_float_ap_uint_ap_uint_15|         array|
|tme_top_stream_stream_ap_uint_ap_uint_ap_uint_ap_uint_float_ap_uint_ap_uint_15_q0             |   in|   32|   ap_memory|       tme_top_stream_stream_ap_uint_ap_uint_ap_uint_ap_uint_float_ap_uint_ap_uint_15|         array|
|tme_top_stream_stream_ap_uint_ap_uint_ap_uint_ap_uint_float_ap_uint_ap_uint_14_address0       |  out|    6|   ap_memory|       tme_top_stream_stream_ap_uint_ap_uint_ap_uint_ap_uint_float_ap_uint_ap_uint_14|         array|
|tme_top_stream_stream_ap_uint_ap_uint_ap_uint_ap_uint_float_ap_uint_ap_uint_14_ce0            |  out|    1|   ap_memory|       tme_top_stream_stream_ap_uint_ap_uint_ap_uint_ap_uint_float_ap_uint_ap_uint_14|         array|
|tme_top_stream_stream_ap_uint_ap_uint_ap_uint_ap_uint_float_ap_uint_ap_uint_14_q0             |   in|   32|   ap_memory|       tme_top_stream_stream_ap_uint_ap_uint_ap_uint_ap_uint_float_ap_uint_ap_uint_14|         array|
|tme_top_stream_stream_ap_uint_ap_uint_ap_uint_ap_uint_float_ap_uint_ap_uint_13_address0       |  out|    6|   ap_memory|       tme_top_stream_stream_ap_uint_ap_uint_ap_uint_ap_uint_float_ap_uint_ap_uint_13|         array|
|tme_top_stream_stream_ap_uint_ap_uint_ap_uint_ap_uint_float_ap_uint_ap_uint_13_ce0            |  out|    1|   ap_memory|       tme_top_stream_stream_ap_uint_ap_uint_ap_uint_ap_uint_float_ap_uint_ap_uint_13|         array|
|tme_top_stream_stream_ap_uint_ap_uint_ap_uint_ap_uint_float_ap_uint_ap_uint_13_q0             |   in|   32|   ap_memory|       tme_top_stream_stream_ap_uint_ap_uint_ap_uint_ap_uint_float_ap_uint_ap_uint_13|         array|
|tme_top_stream_stream_ap_uint_ap_uint_ap_uint_ap_uint_float_ap_uint_ap_uint_12_address0       |  out|    6|   ap_memory|       tme_top_stream_stream_ap_uint_ap_uint_ap_uint_ap_uint_float_ap_uint_ap_uint_12|         array|
|tme_top_stream_stream_ap_uint_ap_uint_ap_uint_ap_uint_float_ap_uint_ap_uint_12_ce0            |  out|    1|   ap_memory|       tme_top_stream_stream_ap_uint_ap_uint_ap_uint_ap_uint_float_ap_uint_ap_uint_12|         array|
|tme_top_stream_stream_ap_uint_ap_uint_ap_uint_ap_uint_float_ap_uint_ap_uint_12_q0             |   in|   32|   ap_memory|       tme_top_stream_stream_ap_uint_ap_uint_ap_uint_ap_uint_float_ap_uint_ap_uint_12|         array|
|tme_top_stream_stream_ap_uint_ap_uint_ap_uint_ap_uint_float_ap_uint_ap_uint_11_address0       |  out|    6|   ap_memory|       tme_top_stream_stream_ap_uint_ap_uint_ap_uint_ap_uint_float_ap_uint_ap_uint_11|         array|
|tme_top_stream_stream_ap_uint_ap_uint_ap_uint_ap_uint_float_ap_uint_ap_uint_11_ce0            |  out|    1|   ap_memory|       tme_top_stream_stream_ap_uint_ap_uint_ap_uint_ap_uint_float_ap_uint_ap_uint_11|         array|
|tme_top_stream_stream_ap_uint_ap_uint_ap_uint_ap_uint_float_ap_uint_ap_uint_11_q0             |   in|   32|   ap_memory|       tme_top_stream_stream_ap_uint_ap_uint_ap_uint_ap_uint_float_ap_uint_ap_uint_11|         array|
|tme_top_stream_stream_ap_uint_ap_uint_ap_uint_ap_uint_float_ap_uint_ap_uint_10_address0       |  out|    6|   ap_memory|       tme_top_stream_stream_ap_uint_ap_uint_ap_uint_ap_uint_float_ap_uint_ap_uint_10|         array|
|tme_top_stream_stream_ap_uint_ap_uint_ap_uint_ap_uint_float_ap_uint_ap_uint_10_ce0            |  out|    1|   ap_memory|       tme_top_stream_stream_ap_uint_ap_uint_ap_uint_ap_uint_float_ap_uint_ap_uint_10|         array|
|tme_top_stream_stream_ap_uint_ap_uint_ap_uint_ap_uint_float_ap_uint_ap_uint_10_q0             |   in|   32|   ap_memory|       tme_top_stream_stream_ap_uint_ap_uint_ap_uint_ap_uint_float_ap_uint_ap_uint_10|         array|
|p_ZZ7tme_topRN3hls6streamINS_4axisI7ap_uintILi8EELm1ELm1ELm1ELh56ELb0EEELi0EEES6_35_address0  |  out|    6|   ap_memory|  p_ZZ7tme_topRN3hls6streamINS_4axisI7ap_uintILi8EELm1ELm1ELm1ELh56ELb0EEELi0EEES6_35|         array|
|p_ZZ7tme_topRN3hls6streamINS_4axisI7ap_uintILi8EELm1ELm1ELm1ELh56ELb0EEELi0EEES6_35_ce0       |  out|    1|   ap_memory|  p_ZZ7tme_topRN3hls6streamINS_4axisI7ap_uintILi8EELm1ELm1ELm1ELh56ELb0EEELi0EEES6_35|         array|
|p_ZZ7tme_topRN3hls6streamINS_4axisI7ap_uintILi8EELm1ELm1ELm1ELh56ELb0EEELi0EEES6_35_q0        |   in|   32|   ap_memory|  p_ZZ7tme_topRN3hls6streamINS_4axisI7ap_uintILi8EELm1ELm1ELm1ELh56ELb0EEELi0EEES6_35|         array|
|p_ZZ7tme_topRN3hls6streamINS_4axisI7ap_uintILi8EELm1ELm1ELm1ELh56ELb0EEELi0EEES6_34_address0  |  out|    6|   ap_memory|  p_ZZ7tme_topRN3hls6streamINS_4axisI7ap_uintILi8EELm1ELm1ELm1ELh56ELb0EEELi0EEES6_34|         array|
|p_ZZ7tme_topRN3hls6streamINS_4axisI7ap_uintILi8EELm1ELm1ELm1ELh56ELb0EEELi0EEES6_34_ce0       |  out|    1|   ap_memory|  p_ZZ7tme_topRN3hls6streamINS_4axisI7ap_uintILi8EELm1ELm1ELm1ELh56ELb0EEELi0EEES6_34|         array|
|p_ZZ7tme_topRN3hls6streamINS_4axisI7ap_uintILi8EELm1ELm1ELm1ELh56ELb0EEELi0EEES6_34_q0        |   in|   32|   ap_memory|  p_ZZ7tme_topRN3hls6streamINS_4axisI7ap_uintILi8EELm1ELm1ELm1ELh56ELb0EEELi0EEES6_34|         array|
|p_ZZ7tme_topRN3hls6streamINS_4axisI7ap_uintILi8EELm1ELm1ELm1ELh56ELb0EEELi0EEES6_33_address0  |  out|    6|   ap_memory|  p_ZZ7tme_topRN3hls6streamINS_4axisI7ap_uintILi8EELm1ELm1ELm1ELh56ELb0EEELi0EEES6_33|         array|
|p_ZZ7tme_topRN3hls6streamINS_4axisI7ap_uintILi8EELm1ELm1ELm1ELh56ELb0EEELi0EEES6_33_ce0       |  out|    1|   ap_memory|  p_ZZ7tme_topRN3hls6streamINS_4axisI7ap_uintILi8EELm1ELm1ELm1ELh56ELb0EEELi0EEES6_33|         array|
|p_ZZ7tme_topRN3hls6streamINS_4axisI7ap_uintILi8EELm1ELm1ELm1ELh56ELb0EEELi0EEES6_33_q0        |   in|   32|   ap_memory|  p_ZZ7tme_topRN3hls6streamINS_4axisI7ap_uintILi8EELm1ELm1ELm1ELh56ELb0EEELi0EEES6_33|         array|
|p_ZZ7tme_topRN3hls6streamINS_4axisI7ap_uintILi8EELm1ELm1ELm1ELh56ELb0EEELi0EEES6_32_address0  |  out|    6|   ap_memory|  p_ZZ7tme_topRN3hls6streamINS_4axisI7ap_uintILi8EELm1ELm1ELm1ELh56ELb0EEELi0EEES6_32|         array|
|p_ZZ7tme_topRN3hls6streamINS_4axisI7ap_uintILi8EELm1ELm1ELm1ELh56ELb0EEELi0EEES6_32_ce0       |  out|    1|   ap_memory|  p_ZZ7tme_topRN3hls6streamINS_4axisI7ap_uintILi8EELm1ELm1ELm1ELh56ELb0EEELi0EEES6_32|         array|
|p_ZZ7tme_topRN3hls6streamINS_4axisI7ap_uintILi8EELm1ELm1ELm1ELh56ELb0EEELi0EEES6_32_q0        |   in|   32|   ap_memory|  p_ZZ7tme_topRN3hls6streamINS_4axisI7ap_uintILi8EELm1ELm1ELm1ELh56ELb0EEELi0EEES6_32|         array|
|p_ZZ7tme_topRN3hls6streamINS_4axisI7ap_uintILi8EELm1ELm1ELm1ELh56ELb0EEELi0EEES6_31_address0  |  out|    6|   ap_memory|  p_ZZ7tme_topRN3hls6streamINS_4axisI7ap_uintILi8EELm1ELm1ELm1ELh56ELb0EEELi0EEES6_31|         array|
|p_ZZ7tme_topRN3hls6streamINS_4axisI7ap_uintILi8EELm1ELm1ELm1ELh56ELb0EEELi0EEES6_31_ce0       |  out|    1|   ap_memory|  p_ZZ7tme_topRN3hls6streamINS_4axisI7ap_uintILi8EELm1ELm1ELm1ELh56ELb0EEELi0EEES6_31|         array|
|p_ZZ7tme_topRN3hls6streamINS_4axisI7ap_uintILi8EELm1ELm1ELm1ELh56ELb0EEELi0EEES6_31_q0        |   in|   32|   ap_memory|  p_ZZ7tme_topRN3hls6streamINS_4axisI7ap_uintILi8EELm1ELm1ELm1ELh56ELb0EEELi0EEES6_31|         array|
|p_ZZ7tme_topRN3hls6streamINS_4axisI7ap_uintILi8EELm1ELm1ELm1ELh56ELb0EEELi0EEES6_30_address0  |  out|    6|   ap_memory|  p_ZZ7tme_topRN3hls6streamINS_4axisI7ap_uintILi8EELm1ELm1ELm1ELh56ELb0EEELi0EEES6_30|         array|
|p_ZZ7tme_topRN3hls6streamINS_4axisI7ap_uintILi8EELm1ELm1ELm1ELh56ELb0EEELi0EEES6_30_ce0       |  out|    1|   ap_memory|  p_ZZ7tme_topRN3hls6streamINS_4axisI7ap_uintILi8EELm1ELm1ELm1ELh56ELb0EEELi0EEES6_30|         array|
|p_ZZ7tme_topRN3hls6streamINS_4axisI7ap_uintILi8EELm1ELm1ELm1ELh56ELb0EEELi0EEES6_30_q0        |   in|   32|   ap_memory|  p_ZZ7tme_topRN3hls6streamINS_4axisI7ap_uintILi8EELm1ELm1ELm1ELh56ELb0EEELi0EEES6_30|         array|
|tme_top_stream_stream_ap_uint_ap_uint_ap_uint_ap_uint_float_ap_uint_ap_uint_39_address0       |  out|    6|   ap_memory|       tme_top_stream_stream_ap_uint_ap_uint_ap_uint_ap_uint_float_ap_uint_ap_uint_39|         array|
|tme_top_stream_stream_ap_uint_ap_uint_ap_uint_ap_uint_float_ap_uint_ap_uint_39_ce0            |  out|    1|   ap_memory|       tme_top_stream_stream_ap_uint_ap_uint_ap_uint_ap_uint_float_ap_uint_ap_uint_39|         array|
|tme_top_stream_stream_ap_uint_ap_uint_ap_uint_ap_uint_float_ap_uint_ap_uint_39_q0             |   in|   24|   ap_memory|       tme_top_stream_stream_ap_uint_ap_uint_ap_uint_ap_uint_float_ap_uint_ap_uint_39|         array|
|tme_top_stream_stream_ap_uint_ap_uint_ap_uint_ap_uint_float_ap_uint_ap_uint_38_address0       |  out|    6|   ap_memory|       tme_top_stream_stream_ap_uint_ap_uint_ap_uint_ap_uint_float_ap_uint_ap_uint_38|         array|
|tme_top_stream_stream_ap_uint_ap_uint_ap_uint_ap_uint_float_ap_uint_ap_uint_38_ce0            |  out|    1|   ap_memory|       tme_top_stream_stream_ap_uint_ap_uint_ap_uint_ap_uint_float_ap_uint_ap_uint_38|         array|
|tme_top_stream_stream_ap_uint_ap_uint_ap_uint_ap_uint_float_ap_uint_ap_uint_38_q0             |   in|   24|   ap_memory|       tme_top_stream_stream_ap_uint_ap_uint_ap_uint_ap_uint_float_ap_uint_ap_uint_38|         array|
|tme_top_stream_stream_ap_uint_ap_uint_ap_uint_ap_uint_float_ap_uint_ap_uint_37_address0       |  out|    6|   ap_memory|       tme_top_stream_stream_ap_uint_ap_uint_ap_uint_ap_uint_float_ap_uint_ap_uint_37|         array|
|tme_top_stream_stream_ap_uint_ap_uint_ap_uint_ap_uint_float_ap_uint_ap_uint_37_ce0            |  out|    1|   ap_memory|       tme_top_stream_stream_ap_uint_ap_uint_ap_uint_ap_uint_float_ap_uint_ap_uint_37|         array|
|tme_top_stream_stream_ap_uint_ap_uint_ap_uint_ap_uint_float_ap_uint_ap_uint_37_q0             |   in|   24|   ap_memory|       tme_top_stream_stream_ap_uint_ap_uint_ap_uint_ap_uint_float_ap_uint_ap_uint_37|         array|
|tme_top_stream_stream_ap_uint_ap_uint_ap_uint_ap_uint_float_ap_uint_ap_uint_36_address0       |  out|    6|   ap_memory|       tme_top_stream_stream_ap_uint_ap_uint_ap_uint_ap_uint_float_ap_uint_ap_uint_36|         array|
|tme_top_stream_stream_ap_uint_ap_uint_ap_uint_ap_uint_float_ap_uint_ap_uint_36_ce0            |  out|    1|   ap_memory|       tme_top_stream_stream_ap_uint_ap_uint_ap_uint_ap_uint_float_ap_uint_ap_uint_36|         array|
|tme_top_stream_stream_ap_uint_ap_uint_ap_uint_ap_uint_float_ap_uint_ap_uint_36_q0             |   in|   24|   ap_memory|       tme_top_stream_stream_ap_uint_ap_uint_ap_uint_ap_uint_float_ap_uint_ap_uint_36|         array|
|tme_top_stream_stream_ap_uint_ap_uint_ap_uint_ap_uint_float_ap_uint_ap_uint_35_address0       |  out|    6|   ap_memory|       tme_top_stream_stream_ap_uint_ap_uint_ap_uint_ap_uint_float_ap_uint_ap_uint_35|         array|
|tme_top_stream_stream_ap_uint_ap_uint_ap_uint_ap_uint_float_ap_uint_ap_uint_35_ce0            |  out|    1|   ap_memory|       tme_top_stream_stream_ap_uint_ap_uint_ap_uint_ap_uint_float_ap_uint_ap_uint_35|         array|
|tme_top_stream_stream_ap_uint_ap_uint_ap_uint_ap_uint_float_ap_uint_ap_uint_35_q0             |   in|   24|   ap_memory|       tme_top_stream_stream_ap_uint_ap_uint_ap_uint_ap_uint_float_ap_uint_ap_uint_35|         array|
|tme_top_stream_stream_ap_uint_ap_uint_ap_uint_ap_uint_float_ap_uint_ap_uint_34_address0       |  out|    6|   ap_memory|       tme_top_stream_stream_ap_uint_ap_uint_ap_uint_ap_uint_float_ap_uint_ap_uint_34|         array|
|tme_top_stream_stream_ap_uint_ap_uint_ap_uint_ap_uint_float_ap_uint_ap_uint_34_ce0            |  out|    1|   ap_memory|       tme_top_stream_stream_ap_uint_ap_uint_ap_uint_ap_uint_float_ap_uint_ap_uint_34|         array|
|tme_top_stream_stream_ap_uint_ap_uint_ap_uint_ap_uint_float_ap_uint_ap_uint_34_q0             |   in|   24|   ap_memory|       tme_top_stream_stream_ap_uint_ap_uint_ap_uint_ap_uint_float_ap_uint_ap_uint_34|         array|
|tme_top_stream_stream_ap_uint_ap_uint_ap_uint_ap_uint_float_ap_uint_ap_uint_33_address0       |  out|    6|   ap_memory|       tme_top_stream_stream_ap_uint_ap_uint_ap_uint_ap_uint_float_ap_uint_ap_uint_33|         array|
|tme_top_stream_stream_ap_uint_ap_uint_ap_uint_ap_uint_float_ap_uint_ap_uint_33_ce0            |  out|    1|   ap_memory|       tme_top_stream_stream_ap_uint_ap_uint_ap_uint_ap_uint_float_ap_uint_ap_uint_33|         array|
|tme_top_stream_stream_ap_uint_ap_uint_ap_uint_ap_uint_float_ap_uint_ap_uint_33_q0             |   in|   24|   ap_memory|       tme_top_stream_stream_ap_uint_ap_uint_ap_uint_ap_uint_float_ap_uint_ap_uint_33|         array|
|tme_top_stream_stream_ap_uint_ap_uint_ap_uint_ap_uint_float_ap_uint_ap_uint_32_address0       |  out|    6|   ap_memory|       tme_top_stream_stream_ap_uint_ap_uint_ap_uint_ap_uint_float_ap_uint_ap_uint_32|         array|
|tme_top_stream_stream_ap_uint_ap_uint_ap_uint_ap_uint_float_ap_uint_ap_uint_32_ce0            |  out|    1|   ap_memory|       tme_top_stream_stream_ap_uint_ap_uint_ap_uint_ap_uint_float_ap_uint_ap_uint_32|         array|
|tme_top_stream_stream_ap_uint_ap_uint_ap_uint_ap_uint_float_ap_uint_ap_uint_32_q0             |   in|   24|   ap_memory|       tme_top_stream_stream_ap_uint_ap_uint_ap_uint_ap_uint_float_ap_uint_ap_uint_32|         array|
|tme_top_stream_stream_ap_uint_ap_uint_ap_uint_ap_uint_float_ap_uint_ap_uint_31_address0       |  out|    6|   ap_memory|       tme_top_stream_stream_ap_uint_ap_uint_ap_uint_ap_uint_float_ap_uint_ap_uint_31|         array|
|tme_top_stream_stream_ap_uint_ap_uint_ap_uint_ap_uint_float_ap_uint_ap_uint_31_ce0            |  out|    1|   ap_memory|       tme_top_stream_stream_ap_uint_ap_uint_ap_uint_ap_uint_float_ap_uint_ap_uint_31|         array|
|tme_top_stream_stream_ap_uint_ap_uint_ap_uint_ap_uint_float_ap_uint_ap_uint_31_q0             |   in|   24|   ap_memory|       tme_top_stream_stream_ap_uint_ap_uint_ap_uint_ap_uint_float_ap_uint_ap_uint_31|         array|
|tme_top_stream_stream_ap_uint_ap_uint_ap_uint_ap_uint_float_ap_uint_ap_uint_30_address0       |  out|    6|   ap_memory|       tme_top_stream_stream_ap_uint_ap_uint_ap_uint_ap_uint_float_ap_uint_ap_uint_30|         array|
|tme_top_stream_stream_ap_uint_ap_uint_ap_uint_ap_uint_float_ap_uint_ap_uint_30_ce0            |  out|    1|   ap_memory|       tme_top_stream_stream_ap_uint_ap_uint_ap_uint_ap_uint_float_ap_uint_ap_uint_30|         array|
|tme_top_stream_stream_ap_uint_ap_uint_ap_uint_ap_uint_float_ap_uint_ap_uint_30_q0             |   in|   24|   ap_memory|       tme_top_stream_stream_ap_uint_ap_uint_ap_uint_ap_uint_float_ap_uint_ap_uint_30|         array|
|p_ZZ7tme_topRN3hls6streamINS_4axisI7ap_uintILi8EELm1ELm1ELm1ELh56ELb0EEELi0EEES6_5_address0   |  out|    6|   ap_memory|   p_ZZ7tme_topRN3hls6streamINS_4axisI7ap_uintILi8EELm1ELm1ELm1ELh56ELb0EEELi0EEES6_5|         array|
|p_ZZ7tme_topRN3hls6streamINS_4axisI7ap_uintILi8EELm1ELm1ELm1ELh56ELb0EEELi0EEES6_5_ce0        |  out|    1|   ap_memory|   p_ZZ7tme_topRN3hls6streamINS_4axisI7ap_uintILi8EELm1ELm1ELm1ELh56ELb0EEELi0EEES6_5|         array|
|p_ZZ7tme_topRN3hls6streamINS_4axisI7ap_uintILi8EELm1ELm1ELm1ELh56ELb0EEELi0EEES6_5_q0         |   in|   24|   ap_memory|   p_ZZ7tme_topRN3hls6streamINS_4axisI7ap_uintILi8EELm1ELm1ELm1ELh56ELb0EEELi0EEES6_5|         array|
|p_ZZ7tme_topRN3hls6streamINS_4axisI7ap_uintILi8EELm1ELm1ELm1ELh56ELb0EEELi0EEES6_4_address0   |  out|    6|   ap_memory|   p_ZZ7tme_topRN3hls6streamINS_4axisI7ap_uintILi8EELm1ELm1ELm1ELh56ELb0EEELi0EEES6_4|         array|
|p_ZZ7tme_topRN3hls6streamINS_4axisI7ap_uintILi8EELm1ELm1ELm1ELh56ELb0EEELi0EEES6_4_ce0        |  out|    1|   ap_memory|   p_ZZ7tme_topRN3hls6streamINS_4axisI7ap_uintILi8EELm1ELm1ELm1ELh56ELb0EEELi0EEES6_4|         array|
|p_ZZ7tme_topRN3hls6streamINS_4axisI7ap_uintILi8EELm1ELm1ELm1ELh56ELb0EEELi0EEES6_4_q0         |   in|   24|   ap_memory|   p_ZZ7tme_topRN3hls6streamINS_4axisI7ap_uintILi8EELm1ELm1ELm1ELh56ELb0EEELi0EEES6_4|         array|
|p_ZZ7tme_topRN3hls6streamINS_4axisI7ap_uintILi8EELm1ELm1ELm1ELh56ELb0EEELi0EEES6_3_address0   |  out|    6|   ap_memory|   p_ZZ7tme_topRN3hls6streamINS_4axisI7ap_uintILi8EELm1ELm1ELm1ELh56ELb0EEELi0EEES6_3|         array|
|p_ZZ7tme_topRN3hls6streamINS_4axisI7ap_uintILi8EELm1ELm1ELm1ELh56ELb0EEELi0EEES6_3_ce0        |  out|    1|   ap_memory|   p_ZZ7tme_topRN3hls6streamINS_4axisI7ap_uintILi8EELm1ELm1ELm1ELh56ELb0EEELi0EEES6_3|         array|
|p_ZZ7tme_topRN3hls6streamINS_4axisI7ap_uintILi8EELm1ELm1ELm1ELh56ELb0EEELi0EEES6_3_q0         |   in|   24|   ap_memory|   p_ZZ7tme_topRN3hls6streamINS_4axisI7ap_uintILi8EELm1ELm1ELm1ELh56ELb0EEELi0EEES6_3|         array|
|p_ZZ7tme_topRN3hls6streamINS_4axisI7ap_uintILi8EELm1ELm1ELm1ELh56ELb0EEELi0EEES6_2_address0   |  out|    6|   ap_memory|   p_ZZ7tme_topRN3hls6streamINS_4axisI7ap_uintILi8EELm1ELm1ELm1ELh56ELb0EEELi0EEES6_2|         array|
|p_ZZ7tme_topRN3hls6streamINS_4axisI7ap_uintILi8EELm1ELm1ELm1ELh56ELb0EEELi0EEES6_2_ce0        |  out|    1|   ap_memory|   p_ZZ7tme_topRN3hls6streamINS_4axisI7ap_uintILi8EELm1ELm1ELm1ELh56ELb0EEELi0EEES6_2|         array|
|p_ZZ7tme_topRN3hls6streamINS_4axisI7ap_uintILi8EELm1ELm1ELm1ELh56ELb0EEELi0EEES6_2_q0         |   in|   24|   ap_memory|   p_ZZ7tme_topRN3hls6streamINS_4axisI7ap_uintILi8EELm1ELm1ELm1ELh56ELb0EEELi0EEES6_2|         array|
|p_ZZ7tme_topRN3hls6streamINS_4axisI7ap_uintILi8EELm1ELm1ELm1ELh56ELb0EEELi0EEES6_1_address0   |  out|    6|   ap_memory|   p_ZZ7tme_topRN3hls6streamINS_4axisI7ap_uintILi8EELm1ELm1ELm1ELh56ELb0EEELi0EEES6_1|         array|
|p_ZZ7tme_topRN3hls6streamINS_4axisI7ap_uintILi8EELm1ELm1ELm1ELh56ELb0EEELi0EEES6_1_ce0        |  out|    1|   ap_memory|   p_ZZ7tme_topRN3hls6streamINS_4axisI7ap_uintILi8EELm1ELm1ELm1ELh56ELb0EEELi0EEES6_1|         array|
|p_ZZ7tme_topRN3hls6streamINS_4axisI7ap_uintILi8EELm1ELm1ELm1ELh56ELb0EEELi0EEES6_1_q0         |   in|   24|   ap_memory|   p_ZZ7tme_topRN3hls6streamINS_4axisI7ap_uintILi8EELm1ELm1ELm1ELh56ELb0EEELi0EEES6_1|         array|
|p_ZZ7tme_topRN3hls6streamINS_4axisI7ap_uintILi8EELm1ELm1ELm1ELh56ELb0EEELi0EEES6_s_address0   |  out|    6|   ap_memory|   p_ZZ7tme_topRN3hls6streamINS_4axisI7ap_uintILi8EELm1ELm1ELm1ELh56ELb0EEELi0EEES6_s|         array|
|p_ZZ7tme_topRN3hls6streamINS_4axisI7ap_uintILi8EELm1ELm1ELm1ELh56ELb0EEELi0EEES6_s_ce0        |  out|    1|   ap_memory|   p_ZZ7tme_topRN3hls6streamINS_4axisI7ap_uintILi8EELm1ELm1ELm1ELh56ELb0EEELi0EEES6_s|         array|
|p_ZZ7tme_topRN3hls6streamINS_4axisI7ap_uintILi8EELm1ELm1ELm1ELh56ELb0EEELi0EEES6_s_q0         |   in|   24|   ap_memory|   p_ZZ7tme_topRN3hls6streamINS_4axisI7ap_uintILi8EELm1ELm1ELm1ELh56ELb0EEELi0EEES6_s|         array|
+----------------------------------------------------------------------------------------------+-----+-----+------------+-------------------------------------------------------------------------------------+--------------+

